Component: ARM Compiler 5.06 update 6 (build 750) Tool: armlink [4d35ed]

==============================================================================

Section Cross References

    main.o(i.Add_Rfid) refers to oled.o(i.OLED_Clear) for OLED_Clear
    main.o(i.Add_Rfid) refers to oled.o(i.Show_Str) for Show_Str
    main.o(i.Add_Rfid) refers to oled.o(i.OLED_Refresh_Gram) for OLED_Refresh_Gram
    main.o(i.Add_Rfid) refers to rfid.o(i.MFRC522_Initializtion) for MFRC522_Initializtion
    main.o(i.Add_Rfid) refers to rfid.o(i.AntennaOn) for AntennaOn
    main.o(i.Add_Rfid) refers to rfid.o(i.MFRC522_Request) for MFRC522_Request
    main.o(i.Add_Rfid) refers to printf8.o(i.__0printf$8) for __2printf
    main.o(i.Add_Rfid) refers to rfid.o(i.MFRC522_Anticoll) for MFRC522_Anticoll
    main.o(i.Add_Rfid) refers to rfid.o(i.MFRC522_SelectTag) for MFRC522_SelectTag
    main.o(i.Add_Rfid) refers to rfid.o(i.MFRC522_Auth) for MFRC522_Auth
    main.o(i.Add_Rfid) refers to rfid.o(i.MFRC522_Write) for MFRC522_Write
    main.o(i.Add_Rfid) refers to rfid.o(i.MFRC522_Read) for MFRC522_Read
    main.o(i.Add_Rfid) refers to rfid.o(i.AntennaOff) for AntennaOff
    main.o(i.Add_Rfid) refers to oled.o(i.OLED_Clear_NOupdate) for OLED_Clear_NOupdate
    main.o(i.Add_Rfid) refers to main.o(i.GET_NUM) for GET_NUM
    main.o(i.Add_Rfid) refers to stmflash.o(i.STMFLASH_Write) for STMFLASH_Write
    main.o(i.Add_Rfid) refers to systick.o(i.delay_ms) for delay_ms
    main.o(i.Add_Rfid) refers to key.o(i.KEY_Matrix_Scan) for KEY_Matrix_Scan
    main.o(i.Add_Rfid) refers to main.o(.data) for card_pydebuf
    main.o(i.Add_Rfid) refers to main.o(.bss) for card_readbuf
    main.o(i.DisErrCnt) refers to oled.o(i.OLED_Clear) for OLED_Clear
    main.o(i.DisErrCnt) refers to oled.o(i.Show_Str) for Show_Str
    main.o(i.DisErrCnt) refers to printf8.o(i.__0sprintf$8) for __2sprintf
    main.o(i.DisErrCnt) refers to oled.o(i.OLED_Refresh_Gram) for OLED_Refresh_Gram
    main.o(i.DisErrCnt) refers to systick.o(i.delay_ms) for delay_ms
    main.o(i.DisErrCnt) refers to key.o(i.KEY_Matrix_Scan) for KEY_Matrix_Scan
    main.o(i.DisErrCnt) refers to main.o(.bss) for sys
    main.o(i.DisLock) refers to oled.o(i.OLED_Clear) for OLED_Clear
    main.o(i.DisLock) refers to oled.o(i.Show_Str) for Show_Str
    main.o(i.DisLock) refers to oled.o(i.OLED_Refresh_Gram) for OLED_Refresh_Gram
    main.o(i.DisLock) refers to oled.o(i.OLED_Show_Font) for OLED_Show_Font
    main.o(i.DisLock) refers to systick.o(i.delay_ms) for delay_ms
    main.o(i.DisUnLock) refers to oled.o(i.OLED_Clear) for OLED_Clear
    main.o(i.DisUnLock) refers to oled.o(i.Show_Str) for Show_Str
    main.o(i.DisUnLock) refers to oled.o(i.OLED_Refresh_Gram) for OLED_Refresh_Gram
    main.o(i.DisUnLock) refers to systick.o(i.delay_ms) for delay_ms
    main.o(i.Display_Data) refers to oled.o(i.OLED_ShowString) for OLED_ShowString
    main.o(i.Display_Data) refers to rtc.o(.bss) for calendar
    main.o(i.Display_Data) refers to main.o(.data) for t
    main.o(i.GET_NUM) refers to oled.o(i.OLED_ShowNum) for OLED_ShowNum
    main.o(i.GET_NUM) refers to oled.o(i.OLED_Refresh_Gram) for OLED_Refresh_Gram
    main.o(i.GET_NUM) refers to key.o(i.KEY_Matrix_Scan) for KEY_Matrix_Scan
    main.o(i.MFRC522_lock) refers to rfid.o(i.AntennaOn) for AntennaOn
    main.o(i.MFRC522_lock) refers to rfid.o(i.MFRC522_Request) for MFRC522_Request
    main.o(i.MFRC522_lock) refers to main.o(i.DisErrCnt) for DisErrCnt
    main.o(i.MFRC522_lock) refers to printf8.o(i.__0printf$8) for __2printf
    main.o(i.MFRC522_lock) refers to rfid.o(i.MFRC522_Anticoll) for MFRC522_Anticoll
    main.o(i.MFRC522_lock) refers to rfid.o(i.MFRC522_SelectTag) for MFRC522_SelectTag
    main.o(i.MFRC522_lock) refers to rfid.o(i.MFRC522_Auth) for MFRC522_Auth
    main.o(i.MFRC522_lock) refers to rfid.o(i.MFRC522_Write) for MFRC522_Write
    main.o(i.MFRC522_lock) refers to rfid.o(i.MFRC522_Read) for MFRC522_Read
    main.o(i.MFRC522_lock) refers to oled.o(i.OLED_Clear_NOupdate) for OLED_Clear_NOupdate
    main.o(i.MFRC522_lock) refers to printf8.o(i.__0sprintf$8) for __2sprintf
    main.o(i.MFRC522_lock) refers to oled.o(i.Show_Str) for Show_Str
    main.o(i.MFRC522_lock) refers to oled.o(i.OLED_Refresh_Gram) for OLED_Refresh_Gram
    main.o(i.MFRC522_lock) refers to systick.o(i.delay_ms) for delay_ms
    main.o(i.MFRC522_lock) refers to main.o(i.DisUnLock) for DisUnLock
    main.o(i.MFRC522_lock) refers to oled.o(i.OLED_Clear) for OLED_Clear
    main.o(i.MFRC522_lock) refers to oled.o(i.OLED_Show_Font) for OLED_Show_Font
    main.o(i.MFRC522_lock) refers to rfid.o(i.AntennaOff) for AntennaOff
    main.o(i.MFRC522_lock) refers to main.o(.data) for card_pydebuf
    main.o(i.MFRC522_lock) refers to main.o(.bss) for card_readbuf
    main.o(i.Massige) refers to oled.o(i.OLED_Clear) for OLED_Clear
    main.o(i.Massige) refers to oled.o(i.Show_Str) for Show_Str
    main.o(i.Massige) refers to oled.o(i.OLED_Refresh_Gram) for OLED_Refresh_Gram
[...]
    Removing stm32f10x_tim.o(i.TIM_ClearITPendingBit), (6 bytes).
    Removing stm32f10x_tim.o(i.TIM_ClearOC1Ref), (18 bytes).
    Removing stm32f10x_tim.o(i.TIM_ClearOC2Ref), (24 bytes).
    Removing stm32f10x_tim.o(i.TIM_ClearOC3Ref), (18 bytes).
    Removing stm32f10x_tim.o(i.TIM_ClearOC4Ref), (24 bytes).
    Removing stm32f10x_tim.o(i.TIM_Cmd), (24 bytes).
    Removing stm32f10x_tim.o(i.TIM_CounterModeConfig), (18 bytes).
    Removing stm32f10x_tim.o(i.TIM_CtrlPWMOutputs), (30 bytes).
    Removing stm32f10x_tim.o(i.TIM_DMACmd), (18 bytes).
    Removing stm32f10x_tim.o(i.TIM_DMAConfig), (10 bytes).
    Removing stm32f10x_tim.o(i.TIM_DeInit), (488 bytes).
    Removing stm32f10x_tim.o(i.TIM_ETRClockMode1Config), (54 bytes).
    Removing stm32f10x_tim.o(i.TIM_ETRClockMode2Config), (32 bytes).
    Removing stm32f10x_tim.o(i.TIM_ETRConfig), (28 bytes).
    Removing stm32f10x_tim.o(i.TIM_EncoderInterfaceConfig), (66 bytes).
    Removing stm32f10x_tim.o(i.TIM_ForcedOC1Config), (18 bytes).
    Removing stm32f10x_tim.o(i.TIM_ForcedOC2Config), (26 bytes).
    Removing stm32f10x_tim.o(i.TIM_ForcedOC3Config), (18 bytes).
    Removing stm32f10x_tim.o(i.TIM_ForcedOC4Config), (26 bytes).
    Removing stm32f10x_tim.o(i.TIM_GenerateEvent), (4 bytes).
    Removing stm32f10x_tim.o(i.TIM_GetCapture1), (6 bytes).
    Removing stm32f10x_tim.o(i.TIM_GetCapture2), (6 bytes).
    Removing stm32f10x_tim.o(i.TIM_GetCapture3), (6 bytes).
    Removing stm32f10x_tim.o(i.TIM_GetCapture4), (8 bytes).
    Removing stm32f10x_tim.o(i.TIM_GetCounter), (6 bytes).
    Removing stm32f10x_tim.o(i.TIM_GetFlagStatus), (18 bytes).
    Removing stm32f10x_tim.o(i.TIM_GetITStatus), (34 bytes).
    Removing stm32f10x_tim.o(i.TIM_GetPrescaler), (6 bytes).
    Removing stm32f10x_tim.o(i.TIM_ICInit), (172 bytes).
    Removing stm32f10x_tim.o(i.TIM_ICStructInit), (18 bytes).
    Removing stm32f10x_tim.o(i.TIM_ITConfig), (18 bytes).
    Removing stm32f10x_tim.o(i.TIM_ITRxExternalClockConfig), (24 bytes).
    Removing stm32f10x_tim.o(i.TIM_InternalClockConfig), (12 bytes).
    Removing stm32f10x_tim.o(i.TIM_OC1FastConfig), (18 bytes).
    Removing stm32f10x_tim.o(i.TIM_OC1Init), (152 bytes).
    Removing stm32f10x_tim.o(i.TIM_OC1NPolarityConfig), (18 bytes).
    Removing stm32f10x_tim.o(i.TIM_OC1PolarityConfig), (18 bytes).
    Removing stm32f10x_tim.o(i.TIM_OC1PreloadConfig), (18 bytes).
    Removing stm32f10x_tim.o(i.TIM_OC2FastConfig), (26 bytes).
    Removing stm32f10x_tim.o(i.TIM_OC2Init), (164 bytes).
    Removing stm32f10x_tim.o(i.TIM_OC2NPolarityConfig), (26 bytes).
    Removing stm32f10x_tim.o(i.TIM_OC2PolarityConfig), (26 bytes).
    Removing stm32f10x_tim.o(i.TIM_OC2PreloadConfig), (26 bytes).
    Removing stm32f10x_tim.o(i.TIM_OC3FastConfig), (18 bytes).
    Removing stm32f10x_tim.o(i.TIM_OC3Init), (160 bytes).
    Removing stm32f10x_tim.o(i.TIM_OC3NPolarityConfig), (26 bytes).
    Removing stm32f10x_tim.o(i.TIM_OC3PolarityConfig), (26 bytes).
    Removing stm32f10x_tim.o(i.TIM_OC3PreloadConfig), (18 bytes).
    Removing stm32f10x_tim.o(i.TIM_OC4FastConfig), (26 bytes).
    Removing stm32f10x_tim.o(i.TIM_OC4Init), (124 bytes).
    Removing stm32f10x_tim.o(i.TIM_OC4PolarityConfig), (26 bytes).
    Removing stm32f10x_tim.o(i.TIM_OC4PreloadConfig), (26 bytes).
    Removing stm32f10x_tim.o(i.TIM_OCStructInit), (20 bytes).
    Removing stm32f10x_tim.o(i.TIM_PWMIConfig), (124 bytes).
    Removing stm32f10x_tim.o(i.TIM_PrescalerConfig), (6 bytes).
    Removing stm32f10x_tim.o(i.TIM_SelectCCDMA), (24 bytes).
    Removing stm32f10x_tim.o(i.TIM_SelectCOM), (24 bytes).
    Removing stm32f10x_tim.o(i.TIM_SelectHallSensor), (24 bytes).
    Removing stm32f10x_tim.o(i.TIM_SelectInputTrigger), (18 bytes).
    Removing stm32f10x_tim.o(i.TIM_SelectMasterSlaveMode), (18 bytes).
    Removing stm32f10x_tim.o(i.TIM_SelectOCxM), (82 bytes).
    Removing stm32f10x_tim.o(i.TIM_SelectOnePulseMode), (18 bytes).
    Removing stm32f10x_tim.o(i.TIM_SelectOutputTrigger), (18 bytes).
    Removing stm32f10x_tim.o(i.TIM_SelectSlaveMode), (18 bytes).
    Removing stm32f10x_tim.o(i.TIM_SetAutoreload), (4 bytes).
    Removing stm32f10x_tim.o(i.TIM_SetClockDivision), (18 bytes).
    Removing stm32f10x_tim.o(i.TIM_SetCompare1), (4 bytes).
    Removing stm32f10x_tim.o(i.TIM_SetCompare2), (4 bytes).
    Removing stm32f10x_tim.o(i.TIM_SetCompare3), (4 bytes).
    Removing stm32f10x_tim.o(i.TIM_SetCompare4), (6 bytes).
    Removing stm32f10x_tim.o(i.TIM_SetCounter), (4 bytes).
    Removing stm32f10x_tim.o(i.TIM_SetIC1Prescaler), (18 bytes).
    Removing stm32f10x_tim.o(i.TIM_SetIC2Prescaler), (26 bytes).
    Removing stm32f10x_tim.o(i.TIM_SetIC3Prescaler), (18 bytes).
    Removing stm32f10x_tim.o(i.TIM_SetIC4Prescaler), (26 bytes).
    Removing stm32f10x_tim.o(i.TIM_TIxExternalClockConfig), (62 bytes).
    Removing stm32f10x_tim.o(i.TIM_TimeBaseInit), (164 bytes).
    Removing stm32f10x_tim.o(i.TIM_TimeBaseStructInit), (18 bytes).
    Removing stm32f10x_tim.o(i.TIM_UpdateDisableConfig), (24 bytes).
    Removing stm32f10x_tim.o(i.TIM_UpdateRequestConfig), (24 bytes).
    Removing stm32f10x_usart.o(i.USART_ClearFlag), (18 bytes).
    Removing stm32f10x_usart.o(i.USART_ClearITPendingBit), (30 bytes).
    Removing stm32f10x_usart.o(i.USART_ClockInit), (34 bytes).
    Removing stm32f10x_usart.o(i.USART_ClockStructInit), (12 bytes).
    Removing stm32f10x_usart.o(i.USART_DMACmd), (18 bytes).
    Removing stm32f10x_usart.o(i.USART_DeInit), (156 bytes).
    Removing stm32f10x_usart.o(i.USART_HalfDuplexCmd), (24 bytes).
    Removing stm32f10x_usart.o(i.USART_IrDACmd), (24 bytes).
    Removing stm32f10x_usart.o(i.USART_IrDAConfig), (18 bytes).
    Removing stm32f10x_usart.o(i.USART_LINBreakDetectLengthConfig), (18 bytes).
    Removing stm32f10x_usart.o(i.USART_LINCmd), (24 bytes).
    Removing stm32f10x_usart.o(i.USART_OneBitMethodCmd), (24 bytes).
    Removing stm32f10x_usart.o(i.USART_OverSampling8Cmd), (22 bytes).
    Removing stm32f10x_usart.o(i.USART_ReceiverWakeUpCmd), (24 bytes).
    Removing stm32f10x_usart.o(i.USART_SendBreak), (10 bytes).
    Removing stm32f10x_usart.o(i.USART_SetAddress), (18 bytes).
    Removing stm32f10x_usart.o(i.USART_SetGuardTime), (16 bytes).
    Removing stm32f10x_usart.o(i.USART_SetPrescaler), (16 bytes).
    Removing stm32f10x_usart.o(i.USART_SmartCardCmd), (24 bytes).
    Removing stm32f10x_usart.o(i.USART_SmartCardNACKCmd), (24 bytes).
    Removing stm32f10x_usart.o(i.USART_StructInit), (24 bytes).
    Removing stm32f10x_usart.o(i.USART_WakeUpConfig), (18 bytes).
    Removing stm32f10x_bkp.o(i.BKP_ClearFlag), (20 bytes).
    Removing stm32f10x_bkp.o(i.BKP_ClearITPendingBit), (20 bytes).
    Removing stm32f10x_bkp.o(i.BKP_GetFlagStatus), (12 bytes).
    Removing stm32f10x_bkp.o(i.BKP_GetITStatus), (12 bytes).
    Removing stm32f10x_bkp.o(i.BKP_ITConfig), (12 bytes).
    Removing stm32f10x_bkp.o(i.BKP_RTCOutputConfig), (28 bytes).
    Removing stm32f10x_bkp.o(i.BKP_SetRTCCalibrationValue), (28 bytes).
    Removing stm32f10x_bkp.o(i.BKP_TamperPinCmd), (12 bytes).
    Removing stm32f10x_bkp.o(i.BKP_TamperPinLevelConfig), (12 bytes).
    Removing stm32f10x_pwr.o(i.PWR_ClearFlag), (20 bytes).
    Removing stm32f10x_pwr.o(i.PWR_DeInit), (22 bytes).
    Removing stm32f10x_pwr.o(i.PWR_EnterSTANDBYMode), (52 bytes).
    Removing stm32f10x_pwr.o(i.PWR_EnterSTOPMode), (64 bytes).
    Removing stm32f10x_pwr.o(i.PWR_GetFlagStatus), (24 bytes).
    Removing stm32f10x_pwr.o(i.PWR_PVDCmd), (12 bytes).
    Removing stm32f10x_pwr.o(i.PWR_PVDLevelConfig), (24 bytes).
    Removing stm32f10x_pwr.o(i.PWR_WakeUpPinCmd), (12 bytes).
    Removing stm32f10x_rtc.o(i.RTC_ClearFlag), (16 bytes).
    Removing stm32f10x_rtc.o(i.RTC_GetDivider), (24 bytes).
    Removing stm32f10x_rtc.o(i.RTC_GetFlagStatus), (24 bytes).
    Removing stm32f10x_rtc.o(i.RTC_SetAlarm), (28 bytes).
    Removing stm32f10x_flash.o(i.FLASH_ClearFlag), (12 bytes).
    Removing stm32f10x_flash.o(i.FLASH_EnableWriteProtection), (196 bytes).
    Removing stm32f10x_flash.o(i.FLASH_EraseAllBank1Pages), (72 bytes).
    Removing stm32f10x_flash.o(i.FLASH_EraseAllPages), (72 bytes).
    Removing stm32f10x_flash.o(i.FLASH_EraseOptionBytes), (168 bytes).
    Removing stm32f10x_flash.o(i.FLASH_GetFlagStatus), (48 bytes).
    Removing stm32f10x_flash.o(i.FLASH_GetPrefetchBufferStatus), (24 bytes).
    Removing stm32f10x_flash.o(i.FLASH_GetReadOutProtectionStatus), (24 bytes).
    Removing stm32f10x_flash.o(i.FLASH_GetStatus), (52 bytes).
    Removing stm32f10x_flash.o(i.FLASH_GetUserOptionByte), (12 bytes).
    Removing stm32f10x_flash.o(i.FLASH_GetWriteProtectionOptionByte), (12 bytes).
    Removing stm32f10x_flash.o(i.FLASH_HalfCycleAccessCmd), (28 bytes).
    Removing stm32f10x_flash.o(i.FLASH_ITConfig), (32 bytes).
    Removing stm32f10x_flash.o(i.FLASH_LockBank1), (20 bytes).
    Removing stm32f10x_flash.o(i.FLASH_PrefetchBufferCmd), (28 bytes).
    Removing stm32f10x_flash.o(i.FLASH_ProgramOptionByteData), (84 bytes).
    Removing stm32f10x_flash.o(i.FLASH_ProgramWord), (108 bytes).
    Removing stm32f10x_flash.o(i.FLASH_ReadOutProtection), (172 bytes).
    Removing stm32f10x_flash.o(i.FLASH_SetLatency), (24 bytes).
    Removing stm32f10x_flash.o(i.FLASH_UnlockBank1), (24 bytes).
    Removing stm32f10x_flash.o(i.FLASH_UserOptionByteConfig), (104 bytes).
    Removing stm32f10x_flash.o(i.FLASH_WaitForLastBank1Operation), (38 bytes).
    Removing stm32f10x_spi.o(i.I2S_Cmd), (24 bytes).
    Removing stm32f10x_spi.o(i.I2S_Init), (232 bytes).
    Removing stm32f10x_spi.o(i.I2S_StructInit), (20 bytes).
    Removing stm32f10x_spi.o(i.SPI_BiDirectionalLineConfig), (28 bytes).
    Removing stm32f10x_spi.o(i.SPI_CalculateCRC), (24 bytes).
    Removing stm32f10x_spi.o(i.SPI_Cmd), (24 bytes).
    Removing stm32f10x_spi.o(i.SPI_DataSizeConfig), (18 bytes).
    Removing stm32f10x_spi.o(i.SPI_GetCRC), (16 bytes).
    Removing stm32f10x_spi.o(i.SPI_GetCRCPolynomial), (6 bytes).
    Removing stm32f10x_spi.o(i.SPI_I2S_ClearFlag), (6 bytes).
    Removing stm32f10x_spi.o(i.SPI_I2S_ClearITPendingBit), (20 bytes).
    Removing stm32f10x_spi.o(i.SPI_I2S_DMACmd), (18 bytes).
    Removing stm32f10x_spi.o(i.SPI_I2S_DeInit), (88 bytes).
    Removing stm32f10x_spi.o(i.SPI_I2S_GetFlagStatus), (18 bytes).
    Removing stm32f10x_spi.o(i.SPI_I2S_GetITStatus), (52 bytes).
    Removing stm32f10x_spi.o(i.SPI_I2S_ITConfig), (32 bytes).
    Removing stm32f10x_spi.o(i.SPI_I2S_ReceiveData), (6 bytes).
    Removing stm32f10x_spi.o(i.SPI_I2S_SendData), (4 bytes).
    Removing stm32f10x_spi.o(i.SPI_Init), (60 bytes).
    Removing stm32f10x_spi.o(i.SPI_NSSInternalSoftwareConfig), (30 bytes).
    Removing stm32f10x_spi.o(i.SPI_SSOutputCmd), (24 bytes).
    Removing stm32f10x_spi.o(i.SPI_StructInit), (24 bytes).
    Removing stm32f10x_spi.o(i.SPI_TransmitCRC), (10 bytes).
    Removing system_stm32f10x.o(i.SystemCoreClockUpdate), (164 bytes).
    Removing system_stm32f10x.o(.data), (20 bytes).
    Removing core_cm3.o(.emb_text), (32 bytes).
    Removing led.o(i.LED_Write_Data), (68 bytes).
    Removing oled.o(i.DisplayButtonDown), (2 bytes).
    Removing oled.o(i.DisplayButtonUp), (2 bytes).
    Removing oled.o(i.Gui_Circle), (332 bytes).
    Removing oled.o(i.Gui_DrawLine), (184 bytes).
    Removing oled.o(i.Gui_box), (188 bytes).
    Removing oled.o(i.Gui_box2), (386 bytes).
    Removing oled.o(i.LCD_BGR2RGB), (26 bytes).
    Removing oled.o(i.OLED_Display_Off), (28 bytes).
    Removing oled.o(i.OLED_Display_On), (28 bytes).
    Removing oled.o(i.OLED_DrawLine), (192 bytes).
    Removing oled.o(i.OLED_DrawRectangle), (74 bytes).
    Removing oled.o(i.OLED_Draw_Bigpoint), (80 bytes).
    Removing oled.o(i.OLED_Draw_Circle), (186 bytes).
    Removing oled.o(i.OLED_Draw_ellipse), (340 bytes).
    Removing oled.o(i.OLED_Draw_hline), (44 bytes).
    Removing oled.o(i.OLED_Draw_vline), (44 bytes).
    Removing oled.o(i.OLED_Fill_circle), (186 bytes).
    Removing oled.o(i.OLED_Fill_rectangle), (52 bytes).
    Removing oled.o(i.OLED_Set_Pos), (46 bytes).
    Removing oled.o(i.OLED_Show_Image), (120 bytes).
    Removing beep.o(i.BEEP_Alarm), (48 bytes).
    Removing beep.o(i.BEEP_Init), (52 bytes).
    Removing dc_motor.o(i.DC_Motor_Init), (56 bytes).
    Removing rtc.o(i.RTC_Alarm_Set), (200 bytes).
    Removing key.o(i.KEY_Init), (96 bytes).
    Removing key.o(i.KEY_Scan), (164 bytes).
    Removing key.o(.data), (1 bytes).
    Removing iic.o(i.IIC_Ack), (56 bytes).
    Removing iic.o(i.IIC_NAck), (56 bytes).
    Removing iic.o(i.IIC_Read_Byte), (88 bytes).
    Removing rfid.o(i.MFRC522_Halt), (44 bytes).
    Removing rfid.o(.data), (6 bytes).
    Removing usart.o(i._sys_exit), (6 bytes).
    Removing stmflash.o(i.Test_Write), (16 bytes).
    Removing dadd.o(.text), (334 bytes).
    Removing dmul.o(.text), (228 bytes).
    Removing ddiv.o(.text), (222 bytes).
    Removing dfixul.o(.text), (48 bytes).
    Removing cdrcmple.o(.text), (48 bytes).
    Removing depilogue.o(.text), (186 bytes).

273 unused section(s) (total 13877 bytes) removed from the image.

==============================================================================

Image Symbol Table

    Local Symbols

    Symbol Name                              Value     Ov Type        Size  Object(Section)

    ../clib/microlib/division.c              0x00000000   Number         0  uldiv.o ABSOLUTE
    ../clib/microlib/division.c              0x00000000   Number         0  uidiv.o ABSOLUTE
    ../clib/microlib/init/entry.s            0x00000000   Number         0  entry9b.o ABSOLUTE
    ../clib/microlib/init/entry.s            0x00000000   Number         0  entry2.o ABSOLUTE
    ../clib/microlib/init/entry.s            0x00000000   Number         0  entry11b.o ABSOLUTE
    ../clib/microlib/init/entry.s            0x00000000   Number         0  entry11a.o ABSOLUTE
    ../clib/microlib/init/entry.s            0x00000000   Number         0  entry10b.o ABSOLUTE
    ../clib/microlib/init/entry.s            0x00000000   Number         0  entry10a.o ABSOLUTE
    ../clib/microlib/init/entry.s            0x00000000   Number         0  entry9a.o ABSOLUTE
    ../clib/microlib/init/entry.s            0x00000000   Number         0  entry.o ABSOLUTE
    ../clib/microlib/init/entry.s            0x00000000   Number         0  entry5.o ABSOLUTE
    ../clib/microlib/init/entry.s            0x00000000   Number         0  entry8b.o ABSOLUTE
    ../clib/microlib/init/entry.s            0x00000000   Number         0  entry8a.o ABSOLUTE
    ../clib/microlib/init/entry.s            0x00000000   Number         0  entry7b.o ABSOLUTE
    ../clib/microlib/init/entry.s            0x00000000   Number         0  entry7a.o ABSOLUTE
    ../clib/microlib/longlong.c              0x00000000   Number         0  llushr.o ABSOLUTE
    ../clib/microlib/longlong.c              0x00000000   Number         0  llsshr.o ABSOLUTE
    ../clib/microlib/longlong.c              0x00000000   Number         0  llshl.o ABSOLUTE
    ../clib/microlib/printf/printf.c         0x00000000   Number         0  printf8.o ABSOLUTE
    ../clib/microlib/printf/printf.c         0x00000000   Number         0  printfb.o ABSOLUTE
    ../clib/microlib/printf/printf.c         0x00000000   Number         0  printf2.o ABSOLUTE
    ../clib/microlib/printf/printf.c         0x00000000   Number         0  printf7.o ABSOLUTE
    ../clib/microlib/printf/printf.c         0x00000000   Number         0  printf0.o ABSOLUTE
    ../clib/microlib/printf/printf.c         0x00000000   Number         0  printf6.o ABSOLUTE
    ../clib/microlib/printf/printf.c         0x00000000   Number         0  printf4.o ABSOLUTE
    ../clib/microlib/printf/printf.c         0x00000000   Number         0  printf3.o ABSOLUTE
    ../clib/microlib/printf/printf.c         0x00000000   Number         0  printf1.o ABSOLUTE
    ../clib/microlib/printf/printf.c         0x00000000   Number         0  printfa.o ABSOLUTE
    ../clib/microlib/printf/printf.c         0x00000000   Number         0  printf5.o ABSOLUTE
    ../clib/microlib/printf/stubs.s          0x00000000   Number         0  stubs.o ABSOLUTE
    ../clib/microlib/string/memcmp.c         0x00000000   Number         0  memcmp.o ABSOLUTE
    ../clib/microlib/string/memset.c         0x00000000   Number         0  memseta.o ABSOLUTE
    ../clib/microlib/string/strcpy.c         0x00000000   Number         0  strcpy.o ABSOLUTE
    ../clib/microlib/string/strlen.c         0x00000000   Number         0  strlen.o ABSOLUTE
    ../clib/microlib/stubs.s                 0x00000000   Number         0  iusefp.o ABSOLUTE
    ../clib/microlib/stubs.s                 0x00000000   Number         0  useno.o ABSOLUTE
    ../fplib/microlib/fpadd.c                0x00000000   Number         0  dadd.o ABSOLUTE
    ../fplib/microlib/fpdiv.c                0x00000000   Number         0  ddiv.o ABSOLUTE
    ../fplib/microlib/fpepilogue.c           0x00000000   Number         0  depilogue.o ABSOLUTE
    ../fplib/microlib/fpfix.c                0x00000000   Number         0  dfixul.o ABSOLUTE
    ../fplib/microlib/fpmul.c                0x00000000   Number         0  dmul.o ABSOLUTE
    APP\RFID\RFID.c                          0x00000000   Number         0  rfid.o ABSOLUTE
    APP\beep\beep.c                          0x00000000   Number         0  beep.o ABSOLUTE
    APP\dc_motor\dc_motor.c                  0x00000000   Number         0  dc_motor.o ABSOLUTE
    APP\iic\iic.c                            0x00000000   Number         0  iic.o ABSOLUTE
    APP\key\key.c                            0x00000000   Number         0  key.o ABSOLUTE
    APP\led\led.c                            0x00000000   Number         0  led.o ABSOLUTE
    APP\oled\oled.c                          0x00000000   Number         0  oled.o ABSOLUTE
    APP\rtc\rtc.c                            0x00000000   Number         0  rtc.o ABSOLUTE
    Libraries\CMSIS\core_cm3.c               0x00000000   Number         0  core_cm3.o ABSOLUTE
    Libraries\CMSIS\startup_stm32f10x_md.s   0x00000000   Number         0  startup_stm32f10x_md.o ABSOLUTE
    Libraries\CMSIS\system_stm32f10x.c       0x00000000   Number         0  system_stm32f10x.o ABSOLUTE
    Libraries\STM32F10x_StdPeriph_Driver\src\misc.c 0x00000000   Number         0  misc.o ABSOLUTE
    Libraries\STM32F10x_StdPeriph_Driver\src\stm32f10x_bkp.c 0x00000000   Number         0  stm32f10x_bkp.o ABSOLUTE
    Libraries\STM32F10x_StdPeriph_Driver\src\stm32f10x_exti.c 0x00000000   Number         0  stm32f10x_exti.o ABSOLUTE
    Libraries\STM32F10x_StdPeriph_Driver\src\stm32f10x_flash.c 0x00000000   Number         0  stm32f10x_flash.o ABSOLUTE
    Libraries\STM32F10x_StdPeriph_Driver\src\stm32f10x_gpio.c 0x00000000   Number         0  stm32f10x_gpio.o ABSOLUTE
    Libraries\STM32F10x_StdPeriph_Driver\src\stm32f10x_pwr.c 0x00000000   Number         0  stm32f10x_pwr.o ABSOLUTE
    Libraries\STM32F10x_StdPeriph_Driver\src\stm32f10x_rcc.c 0x00000000   Number         0  stm32f10x_rcc.o ABSOLUTE
    Libraries\STM32F10x_StdPeriph_Driver\src\stm32f10x_rtc.c 0x00000000   Number         0  stm32f10x_rtc.o ABSOLUTE
    Libraries\STM32F10x_StdPeriph_Driver\src\stm32f10x_spi.c 0x00000000   Number         0  stm32f10x_spi.o ABSOLUTE
    Libraries\STM32F10x_StdPeriph_Driver\src\stm32f10x_tim.c 0x00000000   Number         0  stm32f10x_tim.o ABSOLUTE
    Libraries\STM32F10x_StdPeriph_Driver\src\stm32f10x_usart.c 0x00000000   Number         0  stm32f10x_usart.o ABSOLUTE
    Libraries\\CMSIS\\core_cm3.c             0x00000000   Number         0  core_cm3.o ABSOLUTE
    Public\SysTick.c                         0x00000000   Number         0  systick.o ABSOLUTE
    Public\stmflash.c                        0x00000000   Number         0  stmflash.o ABSOLUTE
    Public\system.c                          0x00000000   Number         0  system.o ABSOLUTE
    Public\usart.c                           0x00000000   Number         0  usart.o ABSOLUTE
    User\main.c                              0x00000000   Number         0  main.o ABSOLUTE
    User\stm32f10x_it.c                      0x00000000   Number         0  stm32f10x_it.o ABSOLUTE
    cdrcmple.s                               0x00000000   Number         0  cdrcmple.o ABSOLUTE
    dc.s                                     0x00000000   Number         0  dc.o ABSOLUTE
    handlers.s                               0x00000000   Number         0  handlers.o ABSOLUTE
    init.s                                   0x00000000   Number         0  init.o ABSOLUTE
    RESET                                    0x08000000   Section      236  startup_stm32f10x_md.o(RESET)
    .ARM.Collect$$$$00000000                 0x080000ec   Section        0  entry.o(.ARM.Collect$$$$00000000)
    .ARM.Collect$$$$00000001                 0x080000ec   Section        4  entry2.o(.ARM.Collect$$$$00000001)
    .ARM.Collect$$$$00000004                 0x080000f0   Section        4  entry5.o(.ARM.Collect$$$$00000004)
    .ARM.Collect$$$$00000008                 0x080000f4   Section        0  entry7b.o(.ARM.Collect$$$$00000008)
    .ARM.Collect$$$$0000000A                 0x080000f4   Section        0  entry8b.o(.ARM.Collect$$$$0000000A)
    .ARM.Collect$$$$0000000B                 0x080000f4   Section        8  entry9a.o(.ARM.Collect$$$$0000000B)
    .ARM.Collect$$$$0000000D                 0x080000fc   Section        0  entry10a.o(.ARM.Collect$$$$0000000D)
    .ARM.Collect$$$$0000000F                 0x080000fc   Section        0  entry11a.o(.ARM.Collect$$$$0000000F)
    .ARM.Collect$$$$00002712                 0x080000fc   Section        4  entry2.o(.ARM.Collect$$$$00002712)
    __lit__00000000                          0x080000fc   Data           4  entry2.o(.ARM.Collect$$$$00002712)
    .text                                    0x08000100   Section       36  startup_stm32f10x_md.o(.text)
    .text                                    0x08000124   Section        0  memseta.o(.text)
    .text                                    0x08000148   Section        0  strlen.o(.text)
    .text                                    0x08000156   Section        0  memcmp.o(.text)
    .text                                    0x08000170   Section        0  strcpy.o(.text)
    .text                                    0x08000182   Section        0  uldiv.o(.text)
    .text                                    0x080001e4   Section       36  init.o(.text)
    .text                                    0x08000208   Section        0  llshl.o(.text)
    .text                                    0x08000226   Section        0  llushr.o(.text)
    i.Add_Rfid                               0x08000248   Section        0  main.o(i.Add_Rfid)
    i.AntennaOff                             0x08000544   Section        0  rfid.o(i.AntennaOff)
    i.AntennaOn                              0x08000550   Section        0  rfid.o(i.AntennaOn)
    i.BKP_DeInit                             0x0800056a   Section        0  stm32f10x_bkp.o(i.BKP_DeInit)
    i.BKP_ReadBackupRegister                 0x0800057c   Section        0  stm32f10x_bkp.o(i.BKP_ReadBackupRegister)
    i.BKP_WriteBackupRegister                0x08000598   Section        0  stm32f10x_bkp.o(i.BKP_WriteBackupRegister)
    i.BusFault_Handler                       0x080005b4   Section        0  stm32f10x_it.o(i.BusFault_Handler)
    i.CalulateCRC                            0x080005b8   Section        0  rfid.o(i.CalulateCRC)
    i.ClearBitMask                           0x0800062e   Section        0  rfid.o(i.ClearBitMask)
    i.DebugMon_Handler                       0x0800064a   Section        0  stm32f10x_it.o(i.DebugMon_Handler)
    i.Delay1_us                              0x0800064c   Section        0  rfid.o(i.Delay1_us)
    i.DisErrCnt                              0x0800066c   Section        0  main.o(i.DisErrCnt)
    i.DisLock                                0x08000720   Section        0  main.o(i.DisLock)
    i.DisUnLock                              0x0800078c   Section        0  main.o(i.DisUnLock)
    i.Display_Data                           0x08000804   Section        0  main.o(i.Display_Data)
    i.FLASH_ErasePage                        0x08000858   Section        0  stm32f10x_flash.o(i.FLASH_ErasePage)
    i.FLASH_GetBank1Status                   0x080008a4   Section        0  stm32f10x_flash.o(i.FLASH_GetBank1Status)
    i.FLASH_Lock                             0x080008d8   Section        0  stm32f10x_flash.o(i.FLASH_Lock)
    i.FLASH_ProgramHalfWord                  0x080008ec   Section        0  stm32f10x_flash.o(i.FLASH_ProgramHalfWord)
    i.FLASH_Unlock                           0x0800092c   Section        0  stm32f10x_flash.o(i.FLASH_Unlock)
    i.FLASH_WaitForLastOperation             0x08000944   Section        0  stm32f10x_flash.o(i.FLASH_WaitForLastOperation)
    i.GET_NUM                                0x0800096a   Section        0  main.o(i.GET_NUM)
    i.GPIO_Init                              0x08000a48   Section        0  stm32f10x_gpio.o(i.GPIO_Init)
    i.GPIO_ReadInputDataBit                  0x08000b5e   Section        0  stm32f10x_gpio.o(i.GPIO_ReadInputDataBit)
    i.GPIO_ResetBits                         0x08000b70   Section        0  stm32f10x_gpio.o(i.GPIO_ResetBits)
    i.GPIO_SetBits                           0x08000b74   Section        0  stm32f10x_gpio.o(i.GPIO_SetBits)
    i.Gui_DrawFont_GBK12                     0x08000b78   Section        0  oled.o(i.Gui_DrawFont_GBK12)
    i.Gui_DrawFont_GBK16                     0x08000cd0   Section        0  oled.o(i.Gui_DrawFont_GBK16)
    i.Gui_DrawFont_GBK24                     0x08000e18   Section        0  oled.o(i.Gui_DrawFont_GBK24)
    i.HardFault_Handler                      0x08001018   Section        0  stm32f10x_it.o(i.HardFault_Handler)
    i.IIC_Init                               0x0800101c   Section        0  iic.o(i.IIC_Init)
    i.IIC_Send_Byte                          0x08001068   Section        0  iic.o(i.IIC_Send_Byte)
    i.IIC_Start                              0x080010cc   Section        0  iic.o(i.IIC_Start)
    i.IIC_Stop                               0x08001104   Section        0  iic.o(i.IIC_Stop)
    i.IIC_Wait_Ack                           0x0800113c   Section        0  iic.o(i.IIC_Wait_Ack)
    i.Is_Leap_Year                           0x08001188   Section        0  rtc.o(i.Is_Leap_Year)
    i.KEY_Matrix_Init                        0x080011c4   Section        0  key.o(i.KEY_Matrix_Init)
    i.KEY_Matrix_Scan                        0x080012a0   Section        0  key.o(i.KEY_Matrix_Scan)
    i.LED_Init                               0x08001698   Section        0  led.o(i.LED_Init)
    i.MFRC522_Anticoll                       0x080017c4   Section        0  rfid.o(i.MFRC522_Anticoll)
    i.MFRC522_Auth                           0x08001826   Section        0  rfid.o(i.MFRC522_Auth)
    i.MFRC522_Initializtion                  0x08001894   Section        0  rfid.o(i.MFRC522_Initializtion)
    i.MFRC522_Read                           0x080018dc   Section        0  rfid.o(i.MFRC522_Read)
    i.MFRC522_Request                        0x08001914   Section        0  rfid.o(i.MFRC522_Request)
    i.MFRC522_Reset                          0x08001948   Section        0  rfid.o(i.MFRC522_Reset)
    i.MFRC522_SelectTag                      0x08001984   Section        0  rfid.o(i.MFRC522_SelectTag)
    i.MFRC522_ToCard                         0x080019fa   Section        0  rfid.o(i.MFRC522_ToCard)
    i.MFRC522_Write                          0x08001b34   Section        0  rfid.o(i.MFRC522_Write)
    i.MFRC522_lock                           0x08001bcc   Section        0  main.o(i.MFRC522_lock)
    i.Massige                                0x08001da8   Section        0  main.o(i.Massige)
    i.MemManage_Handler                      0x08001e04   Section        0  stm32f10x_it.o(i.MemManage_Handler)
    i.NMI_Handler                            0x08001e08   Section        0  stm32f10x_it.o(i.NMI_Handler)
    i.NVIC_Init                              0x08001e0c   Section        0  misc.o(i.NVIC_Init)
    i.NVIC_PriorityGroupConfig               0x08001e7c   Section        0  misc.o(i.NVIC_PriorityGroupConfig)
    i.OLED_Clear                             0x08001e90   Section        0  oled.o(i.OLED_Clear)
    i.OLED_Clear_NOupdate                    0x08001ec0   Section        0  oled.o(i.OLED_Clear_NOupdate)
    i.OLED_DrawPoint                         0x08001ef0   Section        0  oled.o(i.OLED_DrawPoint)
    i.OLED_Fill                              0x08001f58   Section        0  oled.o(i.OLED_Fill)
    i.OLED_Init                              0x08001f8e   Section        0  oled.o(i.OLED_Init)
    i.OLED_Refresh_Gram                      0x08002064   Section        0  oled.o(i.OLED_Refresh_Gram)
    i.OLED_ShowChar                          0x080020ac   Section        0  oled.o(i.OLED_ShowChar)
    i.OLED_ShowNum                           0x080021b8   Section        0  oled.o(i.OLED_ShowNum)
    i.OLED_ShowString                        0x0800224c   Section        0  oled.o(i.OLED_ShowString)
    i.OLED_Show_Font                         0x080022ac   Section        0  oled.o(i.OLED_Show_Font)
    i.OLED_WR_Byte                           0x0800232c   Section        0  oled.o(i.OLED_WR_Byte)
    i.PWR_BackupAccessCmd                    0x08002344   Section        0  stm32f10x_pwr.o(i.PWR_BackupAccessCmd)
    i.PendSV_Handler                         0x08002350   Section        0  stm32f10x_it.o(i.PendSV_Handler)
    i.RCC_APB1PeriphClockCmd                 0x08002354   Section        0  stm32f10x_rcc.o(i.RCC_APB1PeriphClockCmd)
    i.RCC_APB2PeriphClockCmd                 0x08002374   Section        0  stm32f10x_rcc.o(i.RCC_APB2PeriphClockCmd)
    i.RCC_BackupResetCmd                     0x08002394   Section        0  stm32f10x_rcc.o(i.RCC_BackupResetCmd)
    i.RCC_GetClocksFreq                      0x080023a0   Section        0  stm32f10x_rcc.o(i.RCC_GetClocksFreq)
    i.RCC_GetFlagStatus                      0x08002474   Section        0  stm32f10x_rcc.o(i.RCC_GetFlagStatus)
    i.RCC_LSEConfig                          0x080024b0   Section        0  stm32f10x_rcc.o(i.RCC_LSEConfig)
    i.RCC_RTCCLKCmd                          0x080024e4   Section        0  stm32f10x_rcc.o(i.RCC_RTCCLKCmd)
    i.RCC_RTCCLKConfig                       0x080024f0   Section        0  stm32f10x_rcc.o(i.RCC_RTCCLKConfig)
    i.RTC_ClearITPendingBit                  0x08002500   Section        0  stm32f10x_rtc.o(i.RTC_ClearITPendingBit)
    i.RTC_EnterConfigMode                    0x08002510   Section        0  stm32f10x_rtc.o(i.RTC_EnterConfigMode)
    i.RTC_ExitConfigMode                     0x08002524   Section        0  stm32f10x_rtc.o(i.RTC_ExitConfigMode)
    i.RTC_Get                                0x08002538   Section        0  rtc.o(i.RTC_Get)
    i.RTC_GetCounter                         0x08002638   Section        0  stm32f10x_rtc.o(i.RTC_GetCounter)
    i.RTC_GetITStatus                        0x0800264c   Section        0  stm32f10x_rtc.o(i.RTC_GetITStatus)
    i.RTC_Get_Week                           0x08002670   Section        0  rtc.o(i.RTC_Get_Week)
    i.RTC_IRQHandler                         0x080026f8   Section        0  rtc.o(i.RTC_IRQHandler)
    i.RTC_ITConfig                           0x080027d4   Section        0  stm32f10x_rtc.o(i.RTC_ITConfig)
    i.RTC_Init                               0x080027f4   Section        0  rtc.o(i.RTC_Init)
    i.RTC_NVIC_Config                        0x080028b4   Section        0  rtc.o(i.RTC_NVIC_Config)
    RTC_NVIC_Config                          0x080028b5   Thumb Code    32  rtc.o(i.RTC_NVIC_Config)
    i.RTC_Set                                0x080028d4   Section        0  rtc.o(i.RTC_Set)
    i.RTC_SetCounter                         0x0800298c   Section        0  stm32f10x_rtc.o(i.RTC_SetCounter)
    i.RTC_SetPrescaler                       0x080029a8   Section        0  stm32f10x_rtc.o(i.RTC_SetPrescaler)
    i.RTC_WaitForLastTask                    0x080029c8   Section        0  stm32f10x_rtc.o(i.RTC_WaitForLastTask)
    i.RTC_WaitForSynchro                     0x080029dc   Section        0  stm32f10x_rtc.o(i.RTC_WaitForSynchro)
    i.Read_MFRC522                           0x08002a00   Section        0  rfid.o(i.Read_MFRC522)
    i.SDA_IN                                 0x08002a30   Section        0  iic.o(i.SDA_IN)
    i.SDA_OUT                                0x08002a4c   Section        0  iic.o(i.SDA_OUT)
    i.SPI3_Receive                           0x08002a70   Section        0  rfid.o(i.SPI3_Receive)
    i.SPI3_Send                              0x08002acc   Section        0  rfid.o(i.SPI3_Send)
    i.STM32_SPI3_Init                        0x08002b3c   Section        0  rfid.o(i.STM32_SPI3_Init)
    i.STMFLASH_Read                          0x08002b84   Section        0  stmflash.o(i.STMFLASH_Read)
    i.STMFLASH_ReadHalfWord                  0x08002ba6   Section        0  stmflash.o(i.STMFLASH_ReadHalfWord)
    i.STMFLASH_Write                         0x08002bac   Section        0  stmflash.o(i.STMFLASH_Write)
    i.STMFLASH_Write_NoCheck                 0x08002c94   Section        0  stmflash.o(i.STMFLASH_Write_NoCheck)
    i.SVC_Handler                            0x08002cba   Section        0  stm32f10x_it.o(i.SVC_Handler)
    i.SetBitMask                             0x08002cbc   Section        0  rfid.o(i.SetBitMask)
    i.SetPassworld                           0x08002cd8   Section        0  main.o(i.SetPassworld)
    i.SetSysClock                            0x08002fe0   Section        0  system_stm32f10x.o(i.SetSysClock)
    SetSysClock                              0x08002fe1   Thumb Code     8  system_stm32f10x.o(i.SetSysClock)
    i.SetSysClockTo72                        0x08002fe8   Section        0  system_stm32f10x.o(i.SetSysClockTo72)
    SetSysClockTo72                          0x08002fe9   Thumb Code   214  system_stm32f10x.o(i.SetSysClockTo72)
    i.Set_Time                               0x080030c8   Section        0  main.o(i.Set_Time)
    i.Show_Str                               0x08003400   Section        0  oled.o(i.Show_Str)
    i.SysPartInit                            0x080034cc   Section        0  main.o(i.SysPartInit)
    i.SysTick_CLKSourceConfig                0x08003568   Section        0  misc.o(i.SysTick_CLKSourceConfig)
    i.SysTick_Handler                        0x08003590   Section        0  stm32f10x_it.o(i.SysTick_Handler)
    i.SysTick_Init                           0x08003594   Section        0  systick.o(i.SysTick_Init)
    i.SystemInit                             0x080035d0   Section        0  system_stm32f10x.o(i.SystemInit)
    i.USART1_IRQHandler                      0x08003630   Section        0  usart.o(i.USART1_IRQHandler)
    i.USART_Cmd                              0x080036b8   Section        0  stm32f10x_usart.o(i.USART_Cmd)
    i.USART_GetFlagStatus                    0x080036d0   Section        0  stm32f10x_usart.o(i.USART_GetFlagStatus)
    i.USART_GetITStatus                      0x080036ea   Section        0  stm32f10x_usart.o(i.USART_GetITStatus)
    i.USART_ITConfig                         0x0800373e   Section        0  stm32f10x_usart.o(i.USART_ITConfig)
    i.USART_Init                             0x08003788   Section        0  stm32f10x_usart.o(i.USART_Init)
    i.USART_ReceiveData                      0x08003860   Section        0  stm32f10x_usart.o(i.USART_ReceiveData)
    i.USART_SendData                         0x0800386a   Section        0  stm32f10x_usart.o(i.USART_SendData)
    i.UsageFault_Handler                     0x08003872   Section        0  stm32f10x_it.o(i.UsageFault_Handler)
    i.Write_MFRC522                          0x08003878   Section        0  rfid.o(i.Write_MFRC522)
    i.__0printf$8                            0x080038a4   Section        0  printf8.o(i.__0printf$8)
    i.__0sprintf$8                           0x080038c4   Section        0  printf8.o(i.__0sprintf$8)
    i.__scatterload_copy                     0x080038ec   Section       14  handlers.o(i.__scatterload_copy)
    i.__scatterload_null                     0x080038fa   Section        2  handlers.o(i.__scatterload_null)
    i.__scatterload_zeroinit                 0x080038fc   Section       14  handlers.o(i.__scatterload_zeroinit)
    i._printf_core                           0x0800390c   Section        0  printf8.o(i._printf_core)
    _printf_core                             0x0800390d   Thumb Code   996  printf8.o(i._printf_core)
    i._printf_post_padding                   0x08003d1c   Section        0  printf8.o(i._printf_post_padding)
    _printf_post_padding                     0x08003d1d   Thumb Code    36  printf8.o(i._printf_post_padding)
    i._printf_pre_padding                    0x08003d40   Section        0  printf8.o(i._printf_pre_padding)
    _printf_pre_padding                      0x08003d41   Thumb Code    46  printf8.o(i._printf_pre_padding)
    i._sputc                                 0x08003d6e   Section        0  printf8.o(i._sputc)
    _sputc                                   0x08003d6f   Thumb Code    10  printf8.o(i._sputc)
    i.delay_ms                               0x08003d78   Section        0  systick.o(i.delay_ms)
    i.delay_us                               0x08003dc4   Section        0  systick.o(i.delay_us)
    i.fputc                                  0x08003e10   Section        0  usart.o(i.fputc)
    i.main                                   0x08003e34   Section        0  main.o(i.main)
    i.oled_pow                               0x08004080   Section        0  oled.o(i.oled_pow)
    i.password                               0x08004098   Section        0  main.o(i.password)
    i.starting                               0x08004494   Section        0  main.o(i.starting)
    i.uart_init                              0x080044d0   Section        0  usart.o(i.uart_init)
    i.usart1_cherk                           0x08004570   Section        0  usart.o(i.usart1_cherk)
    i.write_iic_cmd                          0x08004690   Section        0  oled.o(i.write_iic_cmd)
    i.write_iic_data                         0x080046bc   Section        0  oled.o(i.write_iic_data)
    .constdata                               0x080046e8   Section    13034  oled.o(.constdata)
    .constdata                               0x080079d2   Section       24  rtc.o(.constdata)
    .conststring                             0x080079ec   Section       88  main.o(.conststring)
    .data                                    0x20000000   Section       93  main.o(.data)
    t                                        0x2000005c   Data           1  main.o(.data)
    .data                                    0x2000005d   Section       20  stm32f10x_rcc.o(.data)
    APBAHBPrescTable                         0x2000005d   Data          16  stm32f10x_rcc.o(.data)
    ADCPrescTable                            0x2000006d   Data           4  stm32f10x_rcc.o(.data)
    .data                                    0x20000072   Section        2  rtc.o(.data)
    daycnt                                   0x20000072   Data           2  rtc.o(.data)
    .data                                    0x20000074   Section        4  systick.o(.data)
    fac_us                                   0x20000074   Data           1  systick.o(.data)
    fac_ms                                   0x20000076   Data           2  systick.o(.data)
    .data                                    0x20000078   Section        8  usart.o(.data)
    ErrCnt                                   0x2000007e   Data           2  usart.o(.data)
    .bss                                     0x20000080   Section      116  main.o(.bss)
    .bss                                     0x200000f4   Section     1024  oled.o(.bss)
    .bss                                     0x200004f4   Section       10  rtc.o(.bss)
    .bss                                     0x200004fe   Section      200  usart.o(.bss)
    .bss                                     0x200005c6   Section     2048  stmflash.o(.bss)
    STACK                                    0x20000dc8   Section     1024  startup_stm32f10x_md.o(STACK)

    Global Symbols

    Symbol Name                              Value     Ov Type        Size  Object(Section)

    BuildAttributes$$THM_ISAv4$P$D$K$B$S$PE$A:L22UL41UL21$X:L11$S22US41US21$IEEE1$IW$USESV6$~STKCKD$USESV7$~SHL$OSPACE$ROPI$EBA8$MICROLIB$REQ8$PRES8$EABIv2 0x00000000   Number         0  anon$$obj.o ABSOLUTE
    __ARM_use_no_argv                        0x00000000   Number         0  main.o ABSOLUTE
    __use_no_errno                           0x00000000   Number         0  useno.o ABSOLUTE
    __use_no_exception_handling              0x00000000   Number         0  useno.o ABSOLUTE
    __use_no_fp                              0x00000000   Number         0  useno.o ABSOLUTE
    __use_no_heap                            0x00000000   Number         0  useno.o ABSOLUTE
    __use_no_heap_region                     0x00000000   Number         0  useno.o ABSOLUTE
    __use_no_semihosting                     0x00000000   Number         0  useno.o ABSOLUTE
    __use_no_semihosting_swi                 0x00000000   Number         0  useno.o ABSOLUTE
    __use_no_signal_handling                 0x00000000   Number         0  useno.o ABSOLUTE
    _printf_a                                0x00000000   Number         0  stubs.o ABSOLUTE
    _printf_c                                0x00000000   Number         0  stubs.o ABSOLUTE
    _printf_charcount                        0x00000000   Number         0  stubs.o ABSOLUTE
    _printf_d                                0x00000000   Number         0  stubs.o ABSOLUTE
    _printf_e                                0x00000000   Number         0  stubs.o ABSOLUTE
    _printf_f                                0x00000000   Number         0  stubs.o ABSOLUTE
    _printf_flags                            0x00000000   Number         0  stubs.o ABSOLUTE
    _printf_fp_dec                           0x00000000   Number         0  stubs.o ABSOLUTE
    _printf_fp_hex                           0x00000000   Number         0  stubs.o ABSOLUTE
    _printf_g                                0x00000000   Number         0  stubs.o ABSOLUTE
    _printf_i                                0x00000000   Number         0  stubs.o ABSOLUTE
    _printf_int_dec                          0x00000000   Number         0  stubs.o ABSOLUTE
    _printf_l                                0x00000000   Number         0  stubs.o ABSOLUTE
    _printf_lc                               0x00000000   Number         0  stubs.o ABSOLUTE
    _printf_ll                               0x00000000   Number         0  stubs.o ABSOLUTE
    _printf_lld                              0x00000000   Number         0  stubs.o ABSOLUTE
    _printf_lli                              0x00000000   Number         0  stubs.o ABSOLUTE
    _printf_llo                              0x00000000   Number         0  stubs.o ABSOLUTE
    _printf_llu                              0x00000000   Number         0  stubs.o ABSOLUTE
    _printf_llx                              0x00000000   Number         0  stubs.o ABSOLUTE
    _printf_longlong_dec                     0x00000000   Number         0  stubs.o ABSOLUTE
    _printf_longlong_hex                     0x00000000   Number         0  stubs.o ABSOLUTE
    _printf_longlong_oct                     0x00000000   Number         0  stubs.o ABSOLUTE
    _printf_ls                               0x00000000   Number         0  stubs.o ABSOLUTE
    _printf_mbtowc                           0x00000000   Number         0  stubs.o ABSOLUTE
    _printf_n                                0x00000000   Number         0  stubs.o ABSOLUTE
    _printf_o                                0x00000000   Number         0  stubs.o ABSOLUTE
    _printf_p                                0x00000000   Number         0  stubs.o ABSOLUTE
    _printf_percent                          0x00000000   Number         0  stubs.o ABSOLUTE
    _printf_pre_padding                      0x00000000   Number         0  stubs.o ABSOLUTE
    _printf_return_value                     0x00000000   Number         0  stubs.o ABSOLUTE
    _printf_s                                0x00000000   Number         0  stubs.o ABSOLUTE
    _printf_sizespec                         0x00000000   Number         0  stubs.o ABSOLUTE
    _printf_str                              0x00000000   Number         0  stubs.o ABSOLUTE
    _printf_truncate_signed                  0x00000000   Number         0  stubs.o ABSOLUTE
    _printf_truncate_unsigned                0x00000000   Number         0  stubs.o ABSOLUTE
    _printf_u                                0x00000000   Number         0  stubs.o ABSOLUTE
    _printf_wc                               0x00000000   Number         0  stubs.o ABSOLUTE
    _printf_wctomb                           0x00000000   Number         0  stubs.o ABSOLUTE
    _printf_widthprec                        0x00000000   Number         0  stubs.o ABSOLUTE
    _printf_x                                0x00000000   Number         0  stubs.o ABSOLUTE
    __cpp_initialize__aeabi_                  - Undefined Weak Reference
    __cxa_finalize                            - Undefined Weak Reference
    __decompress                              - Undefined Weak Reference
    _clock_init                               - Undefined Weak Reference
    _microlib_exit                            - Undefined Weak Reference
    __Vectors_Size                           0x000000ec   Number         0  startup_stm32f10x_md.o ABSOLUTE
    __Vectors                                0x08000000   Data           4  startup_stm32f10x_md.o(RESET)
    __Vectors_End                            0x080000ec   Data           0  startup_stm32f10x_md.o(RESET)
    __main                                   0x080000ed   Thumb Code     0  entry.o(.ARM.Collect$$$$00000000)
    _main_stk                                0x080000ed   Thumb Code     0  entry2.o(.ARM.Collect$$$$00000001)
    _main_scatterload                        0x080000f1   Thumb Code     0  entry5.o(.ARM.Collect$$$$00000004)
    __main_after_scatterload                 0x080000f5   Thumb Code     0  entry5.o(.ARM.Collect$$$$00000004)
    _main_clock                              0x080000f5   Thumb Code     0  entry7b.o(.ARM.Collect$$$$00000008)
    _main_cpp_init                           0x080000f5   Thumb Code     0  entry8b.o(.ARM.Collect$$$$0000000A)
    _main_init                               0x080000f5   Thumb Code     0  entry9a.o(.ARM.Collect$$$$0000000B)
    __rt_final_cpp                           0x080000fd   Thumb Code     0  entry10a.o(.ARM.Collect$$$$0000000D)
    __rt_final_exit                          0x080000fd   Thumb Code     0  entry11a.o(.ARM.Collect$$$$0000000F)
    Reset_Handler                            0x08000101   Thumb Code     8  startup_stm32f10x_md.o(.text)
    ADC1_2_IRQHandler                        0x0800011b   Thumb Code     0  startup_stm32f10x_md.o(.text)
    CAN1_RX1_IRQHandler                      0x0800011b   Thumb Code     0  startup_stm32f10x_md.o(.text)
    CAN1_SCE_IRQHandler                      0x0800011b   Thumb Code     0  startup_stm32f10x_md.o(.text)
    DMA1_Channel1_IRQHandler                 0x0800011b   Thumb Code     0  startup_stm32f10x_md.o(.text)
    DMA1_Channel2_IRQHandler                 0x0800011b   Thumb Code     0  startup_stm32f10x_md.o(.text)
    DMA1_Channel3_IRQHandler                 0x0800011b   Thumb Code     0  startup_stm32f10x_md.o(.text)
    DMA1_Channel4_IRQHandler                 0x0800011b   Thumb Code     0  startup_stm32f10x_md.o(.text)
    DMA1_Channel5_IRQHandler                 0x0800011b   Thumb Code     0  startup_stm32f10x_md.o(.text)
    DMA1_Channel6_IRQHandler                 0x0800011b   Thumb Code     0  startup_stm32f10x_md.o(.text)
    DMA1_Channel7_IRQHandler                 0x0800011b   Thumb Code     0  startup_stm32f10x_md.o(.text)
    EXTI0_IRQHandler                         0x0800011b   Thumb Code     0  startup_stm32f10x_md.o(.text)
    EXTI15_10_IRQHandler                     0x0800011b   Thumb Code     0  startup_stm32f10x_md.o(.text)
    EXTI1_IRQHandler                         0x0800011b   Thumb Code     0  startup_stm32f10x_md.o(.text)
    EXTI2_IRQHandler                         0x0800011b   Thumb Code     0  startup_stm32f10x_md.o(.text)
    EXTI3_IRQHandler                         0x0800011b   Thumb Code     0  startup_stm32f10x_md.o(.text)
    EXTI4_IRQHandler                         0x0800011b   Thumb Code     0  startup_stm32f10x_md.o(.text)
    EXTI9_5_IRQHandler                       0x0800011b   Thumb Code     0  startup_stm32f10x_md.o(.text)
    FLASH_IRQHandler                         0x0800011b   Thumb Code     0  startup_stm32f10x_md.o(.text)
    I2C1_ER_IRQHandler                       0x0800011b   Thumb Code     0  startup_stm32f10x_md.o(.text)
    I2C1_EV_IRQHandler                       0x0800011b   Thumb Code     0  startup_stm32f10x_md.o(.text)
    I2C2_ER_IRQHandler                       0x0800011b   Thumb Code     0  startup_stm32f10x_md.o(.text)
    I2C2_EV_IRQHandler                       0x0800011b   Thumb Code     0  startup_stm32f10x_md.o(.text)
    PVD_IRQHandler                           0x0800011b   Thumb Code     0  startup_stm32f10x_md.o(.text)
    RCC_IRQHandler                           0x0800011b   Thumb Code     0  startup_stm32f10x_md.o(.text)
    RTCAlarm_IRQHandler                      0x0800011b   Thumb Code     0  startup_stm32f10x_md.o(.text)
    SPI1_IRQHandler                          0x0800011b   Thumb Code     0  startup_stm32f10x_md.o(.text)
    SPI2_IRQHandler                          0x0800011b   Thumb Code     0  startup_stm32f10x_md.o(.text)
    TAMPER_IRQHandler                        0x0800011b   Thumb Code     0  startup_stm32f10x_md.o(.text)
    TIM1_BRK_IRQHandler                      0x0800011b   Thumb Code     0  startup_stm32f10x_md.o(.text)
    TIM1_CC_IRQHandler                       0x0800011b   Thumb Code     0  startup_stm32f10x_md.o(.text)
    TIM1_TRG_COM_IRQHandler                  0x0800011b   Thumb Code     0  startup_stm32f10x_md.o(.text)
    TIM1_UP_IRQHandler                       0x0800011b   Thumb Code     0  startup_stm32f10x_md.o(.text)
    TIM2_IRQHandler                          0x0800011b   Thumb Code     0  startup_stm32f10x_md.o(.text)
    TIM3_IRQHandler                          0x0800011b   Thumb Code     0  startup_stm32f10x_md.o(.text)
    TIM4_IRQHandler                          0x0800011b   Thumb Code     0  startup_stm32f10x_md.o(.text)
    USART2_IRQHandler                        0x0800011b   Thumb Code     0  startup_stm32f10x_md.o(.text)
    USART3_IRQHandler                        0x0800011b   Thumb Code     0  startup_stm32f10x_md.o(.text)
    USBWakeUp_IRQHandler                     0x0800011b   Thumb Code     0  startup_stm32f10x_md.o(.text)
    USB_HP_CAN1_TX_IRQHandler                0x0800011b   Thumb Code     0  startup_stm32f10x_md.o(.text)
    USB_LP_CAN1_RX0_IRQHandler               0x0800011b   Thumb Code     0  startup_stm32f10x_md.o(.text)
    WWDG_IRQHandler                          0x0800011b   Thumb Code     0  startup_stm32f10x_md.o(.text)
    __aeabi_memset                           0x08000125   Thumb Code    14  memseta.o(.text)
    __aeabi_memset4                          0x08000125   Thumb Code     0  memseta.o(.text)
    __aeabi_memset8                          0x08000125   Thumb Code     0  memseta.o(.text)
    __aeabi_memclr                           0x08000133   Thumb Code     4  memseta.o(.text)
    __aeabi_memclr4                          0x08000133   Thumb Code     0  memseta.o(.text)
    __aeabi_memclr8                          0x08000133   Thumb Code     0  memseta.o(.text)
    _memset$wrapper                          0x08000137   Thumb Code    18  memseta.o(.text)
    strlen                                   0x08000149   Thumb Code    14  strlen.o(.text)
    memcmp                                   0x08000157   Thumb Code    26  memcmp.o(.text)
    strcpy                                   0x08000171   Thumb Code    18  strcpy.o(.text)
    __aeabi_uldivmod                         0x08000183   Thumb Code    98  uldiv.o(.text)
    __scatterload                            0x080001e5   Thumb Code    28  init.o(.text)
    __scatterload_rt2                        0x080001e5   Thumb Code     0  init.o(.text)
    __aeabi_llsl                             0x08000209   Thumb Code    30  llshl.o(.text)
    _ll_shift_l                              0x08000209   Thumb Code     0  llshl.o(.text)
    __aeabi_llsr                             0x08000227   Thumb Code    32  llushr.o(.text)
    _ll_ushift_r                             0x08000227   Thumb Code     0  llushr.o(.text)
    Add_Rfid                                 0x08000249   Thumb Code   526  main.o(i.Add_Rfid)
    AntennaOff                               0x08000545   Thumb Code    12  rfid.o(i.AntennaOff)
    AntennaOn                                0x08000551   Thumb Code    26  rfid.o(i.AntennaOn)
    BKP_DeInit                               0x0800056b   Thumb Code    16  stm32f10x_bkp.o(i.BKP_DeInit)
    BKP_ReadBackupRegister                   0x0800057d   Thumb Code    24  stm32f10x_bkp.o(i.BKP_ReadBackupRegister)
    BKP_WriteBackupRegister                  0x08000599   Thumb Code    22  stm32f10x_bkp.o(i.BKP_WriteBackupRegister)
    BusFault_Handler                         0x080005b5   Thumb Code     4  stm32f10x_it.o(i.BusFault_Handler)
    CalulateCRC                              0x080005b9   Thumb Code   118  rfid.o(i.CalulateCRC)
    ClearBitMask                             0x0800062f   Thumb Code    28  rfid.o(i.ClearBitMask)
    DebugMon_Handler                         0x0800064b   Thumb Code     2  stm32f10x_it.o(i.DebugMon_Handler)
    Delay1_us                                0x0800064d   Thumb Code    30  rfid.o(i.Delay1_us)
    DisErrCnt                                0x0800066d   Thumb Code   140  main.o(i.DisErrCnt)
    DisLock                                  0x08000721   Thumb Code    82  main.o(i.DisLock)
    DisUnLock                                0x0800078d   Thumb Code    86  main.o(i.DisUnLock)
    Display_Data                             0x08000805   Thumb Code    70  main.o(i.Display_Data)
    FLASH_ErasePage                          0x08000859   Thumb Code    72  stm32f10x_flash.o(i.FLASH_ErasePage)
    FLASH_GetBank1Status                     0x080008a5   Thumb Code    48  stm32f10x_flash.o(i.FLASH_GetBank1Status)
    FLASH_Lock                               0x080008d9   Thumb Code    14  stm32f10x_flash.o(i.FLASH_Lock)
    FLASH_ProgramHalfWord                    0x080008ed   Thumb Code    60  stm32f10x_flash.o(i.FLASH_ProgramHalfWord)
    FLASH_Unlock                             0x0800092d   Thumb Code    12  stm32f10x_flash.o(i.FLASH_Unlock)
    FLASH_WaitForLastOperation               0x08000945   Thumb Code    38  stm32f10x_flash.o(i.FLASH_WaitForLastOperation)
    GET_NUM                                  0x0800096b   Thumb Code   222  main.o(i.GET_NUM)
    GPIO_Init                                0x08000a49   Thumb Code   278  stm32f10x_gpio.o(i.GPIO_Init)
    GPIO_ReadInputDataBit                    0x08000b5f   Thumb Code    18  stm32f10x_gpio.o(i.GPIO_ReadInputDataBit)
    GPIO_ResetBits                           0x08000b71   Thumb Code     4  stm32f10x_gpio.o(i.GPIO_ResetBits)
    GPIO_SetBits                             0x08000b75   Thumb Code     4  stm32f10x_gpio.o(i.GPIO_SetBits)
    Gui_DrawFont_GBK12                       0x08000b79   Thumb Code   340  oled.o(i.Gui_DrawFont_GBK12)
    Gui_DrawFont_GBK16                       0x08000cd1   Thumb Code   324  oled.o(i.Gui_DrawFont_GBK16)
    Gui_DrawFont_GBK24                       0x08000e19   Thumb Code   504  oled.o(i.Gui_DrawFont_GBK24)
    HardFault_Handler                        0x08001019   Thumb Code     4  stm32f10x_it.o(i.HardFault_Handler)
    IIC_Init                                 0x0800101d   Thumb Code    64  iic.o(i.IIC_Init)
    IIC_Send_Byte                            0x08001069   Thumb Code    90  iic.o(i.IIC_Send_Byte)
    IIC_Start                                0x080010cd   Thumb Code    46  iic.o(i.IIC_Start)
    IIC_Stop                                 0x08001105   Thumb Code    46  iic.o(i.IIC_Stop)
    IIC_Wait_Ack                             0x0800113d   Thumb Code    68  iic.o(i.IIC_Wait_Ack)
    Is_Leap_Year                             0x08001189   Thumb Code    58  rtc.o(i.Is_Leap_Year)
    KEY_Matrix_Init                          0x080011c5   Thumb Code   214  key.o(i.KEY_Matrix_Init)
    KEY_Matrix_Scan                          0x080012a1   Thumb Code  1016  key.o(i.KEY_Matrix_Scan)
    LED_Init                                 0x08001699   Thumb Code   290  led.o(i.LED_Init)
    MFRC522_Anticoll                         0x080017c5   Thumb Code    98  rfid.o(i.MFRC522_Anticoll)
    MFRC522_Auth                             0x08001827   Thumb Code   110  rfid.o(i.MFRC522_Auth)
    MFRC522_Initializtion                    0x08001895   Thumb Code    72  rfid.o(i.MFRC522_Initializtion)
    MFRC522_Read                             0x080018dd   Thumb Code    56  rfid.o(i.MFRC522_Read)
    MFRC522_Request                          0x08001915   Thumb Code    50  rfid.o(i.MFRC522_Request)
    MFRC522_Reset                            0x08001949   Thumb Code    54  rfid.o(i.MFRC522_Reset)
    MFRC522_SelectTag                        0x08001985   Thumb Code   118  rfid.o(i.MFRC522_SelectTag)
    MFRC522_ToCard                           0x080019fb   Thumb Code   314  rfid.o(i.MFRC522_ToCard)
    MFRC522_Write                            0x08001b35   Thumb Code   150  rfid.o(i.MFRC522_Write)
    MFRC522_lock                             0x08001bcd   Thumb Code   366  main.o(i.MFRC522_lock)
    Massige                                  0x08001da9   Thumb Code    64  main.o(i.Massige)
    MemManage_Handler                        0x08001e05   Thumb Code     4  stm32f10x_it.o(i.MemManage_Handler)
    NMI_Handler                              0x08001e09   Thumb Code     2  stm32f10x_it.o(i.NMI_Handler)
    NVIC_Init                                0x08001e0d   Thumb Code   100  misc.o(i.NVIC_Init)
    NVIC_PriorityGroupConfig                 0x08001e7d   Thumb Code    10  misc.o(i.NVIC_PriorityGroupConfig)
    OLED_Clear                               0x08001e91   Thumb Code    42  oled.o(i.OLED_Clear)
    OLED_Clear_NOupdate                      0x08001ec1   Thumb Code    42  oled.o(i.OLED_Clear_NOupdate)
    OLED_DrawPoint                           0x08001ef1   Thumb Code   100  oled.o(i.OLED_DrawPoint)
    OLED_Fill                                0x08001f59   Thumb Code    54  oled.o(i.OLED_Fill)
    OLED_Init                                0x08001f8f   Thumb Code   212  oled.o(i.OLED_Init)
    OLED_Refresh_Gram                        0x08002065   Thumb Code    66  oled.o(i.OLED_Refresh_Gram)
    OLED_ShowChar                            0x080020ad   Thumb Code   254  oled.o(i.OLED_ShowChar)
    OLED_ShowNum                             0x080021b9   Thumb Code   148  oled.o(i.OLED_ShowNum)
    OLED_ShowString                          0x0800224d   Thumb Code    94  oled.o(i.OLED_ShowString)
    OLED_Show_Font                           0x080022ad   Thumb Code   122  oled.o(i.OLED_Show_Font)
    OLED_WR_Byte                             0x0800232d   Thumb Code    24  oled.o(i.OLED_WR_Byte)
    PWR_BackupAccessCmd                      0x08002345   Thumb Code     6  stm32f10x_pwr.o(i.PWR_BackupAccessCmd)
    PendSV_Handler                           0x08002351   Thumb Code     2  stm32f10x_it.o(i.PendSV_Handler)
    RCC_APB1PeriphClockCmd                   0x08002355   Thumb Code    26  stm32f10x_rcc.o(i.RCC_APB1PeriphClockCmd)
    RCC_APB2PeriphClockCmd                   0x08002375   Thumb Code    26  stm32f10x_rcc.o(i.RCC_APB2PeriphClockCmd)
    RCC_BackupResetCmd                       0x08002395   Thumb Code     6  stm32f10x_rcc.o(i.RCC_BackupResetCmd)
    RCC_GetClocksFreq                        0x080023a1   Thumb Code   192  stm32f10x_rcc.o(i.RCC_GetClocksFreq)
    RCC_GetFlagStatus                        0x08002475   Thumb Code    56  stm32f10x_rcc.o(i.RCC_GetFlagStatus)
    RCC_LSEConfig                            0x080024b1   Thumb Code    46  stm32f10x_rcc.o(i.RCC_LSEConfig)
    RCC_RTCCLKCmd                            0x080024e5   Thumb Code     6  stm32f10x_rcc.o(i.RCC_RTCCLKCmd)
    RCC_RTCCLKConfig                         0x080024f1   Thumb Code    12  stm32f10x_rcc.o(i.RCC_RTCCLKConfig)
    RTC_ClearITPendingBit                    0x08002501   Thumb Code    12  stm32f10x_rtc.o(i.RTC_ClearITPendingBit)
    RTC_EnterConfigMode                      0x08002511   Thumb Code    14  stm32f10x_rtc.o(i.RTC_EnterConfigMode)
    RTC_ExitConfigMode                       0x08002525   Thumb Code    16  stm32f10x_rtc.o(i.RTC_ExitConfigMode)
    RTC_Get                                  0x08002539   Thumb Code   240  rtc.o(i.RTC_Get)
    RTC_GetCounter                           0x08002639   Thumb Code    16  stm32f10x_rtc.o(i.RTC_GetCounter)
    RTC_GetITStatus                          0x0800264d   Thumb Code    32  stm32f10x_rtc.o(i.RTC_GetITStatus)
    RTC_Get_Week                             0x08002671   Thumb Code   134  rtc.o(i.RTC_Get_Week)
    RTC_IRQHandler                           0x080026f9   Thumb Code   130  rtc.o(i.RTC_IRQHandler)
    RTC_ITConfig                             0x080027d5   Thumb Code    26  stm32f10x_rtc.o(i.RTC_ITConfig)
    RTC_Init                                 0x080027f5   Thumb Code   192  rtc.o(i.RTC_Init)
    RTC_Set                                  0x080028d5   Thumb Code   168  rtc.o(i.RTC_Set)
    RTC_SetCounter                           0x0800298d   Thumb Code    24  stm32f10x_rtc.o(i.RTC_SetCounter)
    RTC_SetPrescaler                         0x080029a9   Thumb Code    26  stm32f10x_rtc.o(i.RTC_SetPrescaler)
    RTC_WaitForLastTask                      0x080029c9   Thumb Code    16  stm32f10x_rtc.o(i.RTC_WaitForLastTask)
    RTC_WaitForSynchro                       0x080029dd   Thumb Code    30  stm32f10x_rtc.o(i.RTC_WaitForSynchro)
    Read_MFRC522                             0x08002a01   Thumb Code    44  rfid.o(i.Read_MFRC522)
    SDA_IN                                   0x08002a31   Thumb Code    24  iic.o(i.SDA_IN)
    SDA_OUT                                  0x08002a4d   Thumb Code    30  iic.o(i.SDA_OUT)
    SPI3_Receive                             0x08002a71   Thumb Code    82  rfid.o(i.SPI3_Receive)
    SPI3_Send                                0x08002acd   Thumb Code   102  rfid.o(i.SPI3_Send)
    STM32_SPI3_Init                          0x08002b3d   Thumb Code    66  rfid.o(i.STM32_SPI3_Init)
    STMFLASH_Read                            0x08002b85   Thumb Code    34  stmflash.o(i.STMFLASH_Read)
    STMFLASH_ReadHalfWord                    0x08002ba7   Thumb Code     6  stmflash.o(i.STMFLASH_ReadHalfWord)
    STMFLASH_Write                           0x08002bad   Thumb Code   222  stmflash.o(i.STMFLASH_Write)
    STMFLASH_Write_NoCheck                   0x08002c95   Thumb Code    38  stmflash.o(i.STMFLASH_Write_NoCheck)
    SVC_Handler                              0x08002cbb   Thumb Code     2  stm32f10x_it.o(i.SVC_Handler)
    SetBitMask                               0x08002cbd   Thumb Code    28  rfid.o(i.SetBitMask)
    SetPassworld                             0x08002cd9   Thumb Code   648  main.o(i.SetPassworld)
    Set_Time                                 0x080030c9   Thumb Code   728  main.o(i.Set_Time)
    Show_Str                                 0x08003401   Thumb Code   204  oled.o(i.Show_Str)
    SysPartInit                              0x080034cd   Thumb Code    82  main.o(i.SysPartInit)
    SysTick_CLKSourceConfig                  0x08003569   Thumb Code    40  misc.o(i.SysTick_CLKSourceConfig)
    SysTick_Handler                          0x08003591   Thumb Code     2  stm32f10x_it.o(i.SysTick_Handler)
    SysTick_Init                             0x08003595   Thumb Code    52  systick.o(i.SysTick_Init)
    SystemInit                               0x080035d1   Thumb Code    78  system_stm32f10x.o(i.SystemInit)
    USART1_IRQHandler                        0x08003631   Thumb Code   122  usart.o(i.USART1_IRQHandler)
    USART_Cmd                                0x080036b9   Thumb Code    24  stm32f10x_usart.o(i.USART_Cmd)
    USART_GetFlagStatus                      0x080036d1   Thumb Code    26  stm32f10x_usart.o(i.USART_GetFlagStatus)
    USART_GetITStatus                        0x080036eb   Thumb Code    84  stm32f10x_usart.o(i.USART_GetITStatus)
    USART_ITConfig                           0x0800373f   Thumb Code    74  stm32f10x_usart.o(i.USART_ITConfig)
    USART_Init                               0x08003789   Thumb Code   210  stm32f10x_usart.o(i.USART_Init)
    USART_ReceiveData                        0x08003861   Thumb Code    10  stm32f10x_usart.o(i.USART_ReceiveData)
    USART_SendData                           0x0800386b   Thumb Code     8  stm32f10x_usart.o(i.USART_SendData)
    UsageFault_Handler                       0x08003873   Thumb Code     4  stm32f10x_it.o(i.UsageFault_Handler)
    Write_MFRC522                            0x08003879   Thumb Code    40  rfid.o(i.Write_MFRC522)
    __0printf$8                              0x080038a5   Thumb Code    22  printf8.o(i.__0printf$8)
    __1printf$8                              0x080038a5   Thumb Code     0  printf8.o(i.__0printf$8)
    __2printf                                0x080038a5   Thumb Code     0  printf8.o(i.__0printf$8)
    __0sprintf$8                             0x080038c5   Thumb Code    34  printf8.o(i.__0sprintf$8)
    __1sprintf$8                             0x080038c5   Thumb Code     0  printf8.o(i.__0sprintf$8)
    __2sprintf                               0x080038c5   Thumb Code     0  printf8.o(i.__0sprintf$8)
    __scatterload_copy                       0x080038ed   Thumb Code    14  handlers.o(i.__scatterload_copy)
    __scatterload_null                       0x080038fb   Thumb Code     2  handlers.o(i.__scatterload_null)
    __scatterload_zeroinit                   0x080038fd   Thumb Code    14  handlers.o(i.__scatterload_zeroinit)
    delay_ms                                 0x08003d79   Thumb Code    72  systick.o(i.delay_ms)
    delay_us                                 0x08003dc5   Thumb Code    72  systick.o(i.delay_us)
    fputc                                    0x08003e11   Thumb Code    32  usart.o(i.fputc)
    main                                     0x08003e35   Thumb Code   522  main.o(i.main)
    oled_pow                                 0x08004081   Thumb Code    22  oled.o(i.oled_pow)
    password                                 0x08004099   Thumb Code   870  main.o(i.password)
    starting                                 0x08004495   Thumb Code    42  main.o(i.starting)
    uart_init                                0x080044d1   Thumb Code   152  usart.o(i.uart_init)
    usart1_cherk                             0x08004571   Thumb Code   226  usart.o(i.usart1_cherk)
    write_iic_cmd                            0x08004691   Thumb Code    44  oled.o(i.write_iic_cmd)
    write_iic_data                           0x080046bd   Thumb Code    44  oled.o(i.write_iic_data)
    OLED_HZK_TBL                             0x080046e8   Data          64  oled.o(.constdata)
    hz12                                     0x08004728   Data        3432  oled.o(.constdata)
    hz16                                     0x08005490   Data        1768  oled.o(.constdata)
    hz24                                     0x08005b78   Data         666  oled.o(.constdata)
    OLED_Image                               0x08005e12   Data        1024  oled.o(.constdata)
    asc2_1206                                0x08006212   Data        1140  oled.o(.constdata)
    asc2_1608                                0x08006686   Data        1520  oled.o(.constdata)
    asc2_2412                                0x08006c76   Data        3420  oled.o(.constdata)
    table_week                               0x080079d2   Data          12  rtc.o(.constdata)
    mon_table                                0x080079de   Data          12  rtc.o(.constdata)
    Region$$Table$$Base                      0x08007a44   Number         0  anon$$obj.o(Region$$Table)
    Region$$Table$$Limit                     0x08007a64   Number         0  anon$$obj.o(Region$$Table)
    Error                                    0x20000000   Data           4  main.o(.data)
    DisFlag                                  0x20000004   Data           1  main.o(.data)
    card_pydebuf                             0x20000005   Data           2  main.o(.data)
    card_numberbuf                           0x20000007   Data           5  main.o(.data)
    card_key0Abuf                            0x2000000c   Data           6  main.o(.data)
    card_writebuf                            0x20000012   Data          16  main.o(.data)
    setup                                    0x20000024   Data          28  main.o(.data)
    week                                     0x20000040   Data          28  main.o(.data)
    __stdout                                 0x20000078   Data           4  usart.o(.data)
    USART_RX_STA                             0x2000007c   Data           2  usart.o(.data)
    sys                                      0x20000080   Data          80  main.o(.bss)
    mfrc552pidbuf                            0x200000d0   Data          18  main.o(.bss)
    card_readbuf                             0x200000e2   Data          18  main.o(.bss)
    OLED_GRAM                                0x200000f4   Data        1024  oled.o(.bss)
    calendar                                 0x200004f4   Data          10  rtc.o(.bss)
    USART_RX_BUF                             0x200004fe   Data         200  usart.o(.bss)
    STMFLASH_BUF                             0x200005c6   Data        2048  stmflash.o(.bss)
    __initial_sp                             0x200011c8   Data           0  startup_stm32f10x_md.o(STACK)



==============================================================================

Memory Map of the image

  Image Entry point : 0x080000ed

  Load Region LR_IROM1 (Base: 0x08000000, Size: 0x00007ae4, Max: 0x00010000, ABSOLUTE)

    Execution Region ER_IROM1 (Exec base: 0x08000000, Load base: 0x08000000, Size: 0x00007a64, Max: 0x00010000, ABSOLUTE)

    Exec Addr    Load Addr    Size         Type   Attr      Idx    E Section Name        Object

    0x08000000   0x08000000   0x000000ec   Data   RO          312    RESET               startup_stm32f10x_md.o
    0x080000ec   0x080000ec   0x00000000   Code   RO         2787  * .ARM.Collect$$$$00000000  mc_w.l(entry.o)
    0x080000ec   0x080000ec   0x00000004   Code   RO         3059    .ARM.Collect$$$$00000001  mc_w.l(entry2.o)
    0x080000f0   0x080000f0   0x00000004   Code   RO         3062    .ARM.Collect$$$$00000004  mc_w.l(entry5.o)
    0x080000f4   0x080000f4   0x00000000   Code   RO         3064    .ARM.Collect$$$$00000008  mc_w.l(entry7b.o)
    0x080000f4   0x080000f4   0x00000000   Code   RO         3066    .ARM.Collect$$$$0000000A  mc_w.l(entry8b.o)
    0x080000f4   0x080000f4   0x00000008   Code   RO         3067    .ARM.Collect$$$$0000000B  mc_w.l(entry9a.o)
    0x080000fc   0x080000fc   0x00000000   Code   RO         3069    .ARM.Collect$$$$0000000D  mc_w.l(entry10a.o)
    0x080000fc   0x080000fc   0x00000000   Code   RO         3071    .ARM.Collect$$$$0000000F  mc_w.l(entry11a.o)
    0x080000fc   0x080000fc   0x00000004   Code   RO         3060    .ARM.Collect$$$$00002712  mc_w.l(entry2.o)
    0x08000100   0x08000100   0x00000024   Code   RO          313    .text               startup_stm32f10x_md.o
    0x08000124   0x08000124   0x00000024   Code   RO         2790    .text               mc_w.l(memseta.o)
    0x08000148   0x08000148   0x0000000e   Code   RO         2792    .text               mc_w.l(strlen.o)
    0x08000156   0x08000156   0x0000001a   Code   RO         2794    .text               mc_w.l(memcmp.o)
    0x08000170   0x08000170   0x00000012   Code   RO         2796    .text               mc_w.l(strcpy.o)
    0x08000182   0x08000182   0x00000062   Code   RO         3075    .text               mc_w.l(uldiv.o)
    0x080001e4   0x080001e4   0x00000024   Code   RO         3088    .text               mc_w.l(init.o)
    0x08000208   0x08000208   0x0000001e   Code   RO         3090    .text               mc_w.l(llshl.o)
    0x08000226   0x08000226   0x00000020   Code   RO         3092    .text               mc_w.l(llushr.o)
    0x08000246   0x08000246   0x00000002   PAD
    0x08000248   0x08000248   0x000002fc   Code   RO            1    i.Add_Rfid          main.o
    0x08000544   0x08000544   0x0000000c   Code   RO         2518    i.AntennaOff        rfid.o
    0x08000550   0x08000550   0x0000001a   Code   RO         2519    i.AntennaOn         rfid.o
    0x0800056a   0x0800056a   0x00000010   Code   RO         1452    i.BKP_DeInit        stm32f10x_bkp.o
    0x0800057a   0x0800057a   0x00000002   PAD
    0x0800057c   0x0800057c   0x0000001c   Code   RO         1457    i.BKP_ReadBackupRegister  stm32f10x_bkp.o
    0x08000598   0x08000598   0x0000001c   Code   RO         1461    i.BKP_WriteBackupRegister  stm32f10x_bkp.o
    0x080005b4   0x080005b4   0x00000004   Code   RO          225    i.BusFault_Handler  stm32f10x_it.o
    0x080005b8   0x080005b8   0x00000076   Code   RO         2520    i.CalulateCRC       rfid.o
    0x0800062e   0x0800062e   0x0000001c   Code   RO         2521    i.ClearBitMask      rfid.o
    0x0800064a   0x0800064a   0x00000002   Code   RO          226    i.DebugMon_Handler  stm32f10x_it.o
    0x0800064c   0x0800064c   0x0000001e   Code   RO         2522    i.Delay1_us         rfid.o
    0x0800066a   0x0800066a   0x00000002   PAD
    0x0800066c   0x0800066c   0x000000b4   Code   RO            2    i.DisErrCnt         main.o
    0x08000720   0x08000720   0x0000006c   Code   RO            3    i.DisLock           main.o
    0x0800078c   0x0800078c   0x00000078   Code   RO            4    i.DisUnLock         main.o
    0x08000804   0x08000804   0x00000054   Code   RO            5    i.Display_Data      main.o
    0x08000858   0x08000858   0x0000004c   Code   RO         1683    i.FLASH_ErasePage   stm32f10x_flash.o
    0x080008a4   0x080008a4   0x00000034   Code   RO         1684    i.FLASH_GetBank1Status  stm32f10x_flash.o
    0x080008d8   0x080008d8   0x00000014   Code   RO         1693    i.FLASH_Lock        stm32f10x_flash.o
    0x080008ec   0x080008ec   0x00000040   Code   RO         1696    i.FLASH_ProgramHalfWord  stm32f10x_flash.o
    0x0800092c   0x0800092c   0x00000018   Code   RO         1701    i.FLASH_Unlock      stm32f10x_flash.o
    0x08000944   0x08000944   0x00000026   Code   RO         1705    i.FLASH_WaitForLastOperation  stm32f10x_flash.o
    0x0800096a   0x0800096a   0x000000de   Code   RO            6    i.GET_NUM           main.o
    0x08000a48   0x08000a48   0x00000116   Code   RO          324    i.GPIO_Init         stm32f10x_gpio.o
    0x08000b5e   0x08000b5e   0x00000012   Code   RO          328    i.GPIO_ReadInputDataBit  stm32f10x_gpio.o
    0x08000b70   0x08000b70   0x00000004   Code   RO          331    i.GPIO_ResetBits    stm32f10x_gpio.o
    0x08000b74   0x08000b74   0x00000004   Code   RO          332    i.GPIO_SetBits      stm32f10x_gpio.o
    0x08000b78   0x08000b78   0x00000158   Code   RO         2064    i.Gui_DrawFont_GBK12  oled.o
    0x08000cd0   0x08000cd0   0x00000148   Code   RO         2065    i.Gui_DrawFont_GBK16  oled.o
    0x08000e18   0x08000e18   0x00000200   Code   RO         2066    i.Gui_DrawFont_GBK24  oled.o
    0x08001018   0x08001018   0x00000004   Code   RO          227    i.HardFault_Handler  stm32f10x_it.o
    0x0800101c   0x0800101c   0x0000004c   Code   RO         2450    i.IIC_Init          iic.o
    0x08001068   0x08001068   0x00000064   Code   RO         2453    i.IIC_Send_Byte     iic.o
    0x080010cc   0x080010cc   0x00000038   Code   RO         2454    i.IIC_Start         iic.o
    0x08001104   0x08001104   0x00000038   Code   RO         2455    i.IIC_Stop          iic.o
    0x0800113c   0x0800113c   0x0000004c   Code   RO         2456    i.IIC_Wait_Ack      iic.o
    0x08001188   0x08001188   0x0000003a   Code   RO         2354    i.Is_Leap_Year      rtc.o
    0x080011c2   0x080011c2   0x00000002   PAD
    0x080011c4   0x080011c4   0x000000dc   Code   RO         2416    i.KEY_Matrix_Init   key.o
    0x080012a0   0x080012a0   0x000003f8   Code   RO         2417    i.KEY_Matrix_Scan   key.o
    0x08001698   0x08001698   0x0000012c   Code   RO         2040    i.LED_Init          led.o
    0x080017c4   0x080017c4   0x00000062   Code   RO         2523    i.MFRC522_Anticoll  rfid.o
    0x08001826   0x08001826   0x0000006e   Code   RO         2524    i.MFRC522_Auth      rfid.o
    0x08001894   0x08001894   0x00000048   Code   RO         2526    i.MFRC522_Initializtion  rfid.o
    0x080018dc   0x080018dc   0x00000038   Code   RO         2527    i.MFRC522_Read      rfid.o
    0x08001914   0x08001914   0x00000032   Code   RO         2528    i.MFRC522_Request   rfid.o
    0x08001946   0x08001946   0x00000002   PAD
    0x08001948   0x08001948   0x0000003c   Code   RO         2529    i.MFRC522_Reset     rfid.o
    0x08001984   0x08001984   0x00000076   Code   RO         2530    i.MFRC522_SelectTag  rfid.o
    0x080019fa   0x080019fa   0x0000013a   Code   RO         2531    i.MFRC522_ToCard    rfid.o
    0x08001b34   0x08001b34   0x00000096   Code   RO         2532    i.MFRC522_Write     rfid.o
    0x08001bca   0x08001bca   0x00000002   PAD
    0x08001bcc   0x08001bcc   0x000001dc   Code   RO            7    i.MFRC522_lock      main.o
    0x08001da8   0x08001da8   0x0000005c   Code   RO            8    i.Massige           main.o
    0x08001e04   0x08001e04   0x00000004   Code   RO          228    i.MemManage_Handler  stm32f10x_it.o
    0x08001e08   0x08001e08   0x00000002   Code   RO          229    i.NMI_Handler       stm32f10x_it.o
    0x08001e0a   0x08001e0a   0x00000002   PAD
    0x08001e0c   0x08001e0c   0x00000070   Code   RO          632    i.NVIC_Init         misc.o
    0x08001e7c   0x08001e7c   0x00000014   Code   RO          633    i.NVIC_PriorityGroupConfig  misc.o
    0x08001e90   0x08001e90   0x00000030   Code   RO         2071    i.OLED_Clear        oled.o
    0x08001ec0   0x08001ec0   0x00000030   Code   RO         2072    i.OLED_Clear_NOupdate  oled.o
    0x08001ef0   0x08001ef0   0x00000068   Code   RO         2076    i.OLED_DrawPoint    oled.o
    0x08001f58   0x08001f58   0x00000036   Code   RO         2083    i.OLED_Fill         oled.o
    0x08001f8e   0x08001f8e   0x000000d4   Code   RO         2086    i.OLED_Init         oled.o
    0x08002062   0x08002062   0x00000002   PAD
    0x08002064   0x08002064   0x00000048   Code   RO         2087    i.OLED_Refresh_Gram  oled.o
    0x080020ac   0x080020ac   0x0000010c   Code   RO         2089    i.OLED_ShowChar     oled.o
    0x080021b8   0x080021b8   0x00000094   Code   RO         2090    i.OLED_ShowNum      oled.o
    0x0800224c   0x0800224c   0x0000005e   Code   RO         2091    i.OLED_ShowString   oled.o
    0x080022aa   0x080022aa   0x00000002   PAD
    0x080022ac   0x080022ac   0x00000080   Code   RO         2092    i.OLED_Show_Font    oled.o
    0x0800232c   0x0800232c   0x00000018   Code   RO         2094    i.OLED_WR_Byte      oled.o
    0x08002344   0x08002344   0x0000000c   Code   RO         1528    i.PWR_BackupAccessCmd  stm32f10x_pwr.o
    0x08002350   0x08002350   0x00000002   Code   RO          230    i.PendSV_Handler    stm32f10x_it.o
    0x08002352   0x08002352   0x00000002   PAD
    0x08002354   0x08002354   0x00000020   Code   RO          434    i.RCC_APB1PeriphClockCmd  stm32f10x_rcc.o
    0x08002374   0x08002374   0x00000020   Code   RO          436    i.RCC_APB2PeriphClockCmd  stm32f10x_rcc.o
    0x08002394   0x08002394   0x0000000c   Code   RO          439    i.RCC_BackupResetCmd  stm32f10x_rcc.o
    0x080023a0   0x080023a0   0x000000d4   Code   RO          444    i.RCC_GetClocksFreq  stm32f10x_rcc.o
    0x08002474   0x08002474   0x0000003c   Code   RO          445    i.RCC_GetFlagStatus  stm32f10x_rcc.o
    0x080024b0   0x080024b0   0x00000034   Code   RO          452    i.RCC_LSEConfig     stm32f10x_rcc.o
    0x080024e4   0x080024e4   0x0000000c   Code   RO          459    i.RCC_RTCCLKCmd     stm32f10x_rcc.o
    0x080024f0   0x080024f0   0x00000010   Code   RO          460    i.RCC_RTCCLKConfig  stm32f10x_rcc.o
    0x08002500   0x08002500   0x00000010   Code   RO         1589    i.RTC_ClearITPendingBit  stm32f10x_rtc.o
    0x08002510   0x08002510   0x00000014   Code   RO         1590    i.RTC_EnterConfigMode  stm32f10x_rtc.o
    0x08002524   0x08002524   0x00000014   Code   RO         1591    i.RTC_ExitConfigMode  stm32f10x_rtc.o
    0x08002538   0x08002538   0x00000100   Code   RO         2356    i.RTC_Get           rtc.o
    0x08002638   0x08002638   0x00000014   Code   RO         1592    i.RTC_GetCounter    stm32f10x_rtc.o
    0x0800264c   0x0800264c   0x00000024   Code   RO         1595    i.RTC_GetITStatus   stm32f10x_rtc.o
    0x08002670   0x08002670   0x00000086   Code   RO         2357    i.RTC_Get_Week      rtc.o
    0x080026f6   0x080026f6   0x00000002   PAD
    0x080026f8   0x080026f8   0x000000dc   Code   RO         2358    i.RTC_IRQHandler    rtc.o
    0x080027d4   0x080027d4   0x00000020   Code   RO         1596    i.RTC_ITConfig      stm32f10x_rtc.o
    0x080027f4   0x080027f4   0x000000c0   Code   RO         2359    i.RTC_Init          rtc.o
    0x080028b4   0x080028b4   0x00000020   Code   RO         2360    i.RTC_NVIC_Config   rtc.o
    0x080028d4   0x080028d4   0x000000b8   Code   RO         2361    i.RTC_Set           rtc.o
    0x0800298c   0x0800298c   0x0000001c   Code   RO         1598    i.RTC_SetCounter    stm32f10x_rtc.o
    0x080029a8   0x080029a8   0x00000020   Code   RO         1599    i.RTC_SetPrescaler  stm32f10x_rtc.o
    0x080029c8   0x080029c8   0x00000014   Code   RO         1600    i.RTC_WaitForLastTask  stm32f10x_rtc.o
    0x080029dc   0x080029dc   0x00000024   Code   RO         1601    i.RTC_WaitForSynchro  stm32f10x_rtc.o
    0x08002a00   0x08002a00   0x00000030   Code   RO         2533    i.Read_MFRC522      rfid.o
    0x08002a30   0x08002a30   0x0000001c   Code   RO         2457    i.SDA_IN            iic.o
    0x08002a4c   0x08002a4c   0x00000024   Code   RO         2458    i.SDA_OUT           iic.o
    0x08002a70   0x08002a70   0x0000005c   Code   RO         2534    i.SPI3_Receive      rfid.o
    0x08002acc   0x08002acc   0x00000070   Code   RO         2535    i.SPI3_Send         rfid.o
    0x08002b3c   0x08002b3c   0x00000048   Code   RO         2536    i.STM32_SPI3_Init   rfid.o
    0x08002b84   0x08002b84   0x00000022   Code   RO         2741    i.STMFLASH_Read     stmflash.o
    0x08002ba6   0x08002ba6   0x00000006   Code   RO         2742    i.STMFLASH_ReadHalfWord  stmflash.o
    0x08002bac   0x08002bac   0x000000e8   Code   RO         2743    i.STMFLASH_Write    stmflash.o
    0x08002c94   0x08002c94   0x00000026   Code   RO         2744    i.STMFLASH_Write_NoCheck  stmflash.o
    0x08002cba   0x08002cba   0x00000002   Code   RO          231    i.SVC_Handler       stm32f10x_it.o
    0x08002cbc   0x08002cbc   0x0000001c   Code   RO         2537    i.SetBitMask        rfid.o
    0x08002cd8   0x08002cd8   0x00000308   Code   RO            9    i.SetPassworld      main.o
    0x08002fe0   0x08002fe0   0x00000008   Code   RO         1996    i.SetSysClock       system_stm32f10x.o
    0x08002fe8   0x08002fe8   0x000000e0   Code   RO         1997    i.SetSysClockTo72   system_stm32f10x.o
    0x080030c8   0x080030c8   0x00000338   Code   RO           10    i.Set_Time          main.o
    0x08003400   0x08003400   0x000000cc   Code   RO         2095    i.Show_Str          oled.o
    0x080034cc   0x080034cc   0x0000009c   Code   RO           11    i.SysPartInit       main.o
    0x08003568   0x08003568   0x00000028   Code   RO          636    i.SysTick_CLKSourceConfig  misc.o
    0x08003590   0x08003590   0x00000002   Code   RO          232    i.SysTick_Handler   stm32f10x_it.o
    0x08003592   0x08003592   0x00000002   PAD
    0x08003594   0x08003594   0x0000003c   Code   RO         2665    i.SysTick_Init      systick.o
    0x080035d0   0x080035d0   0x00000060   Code   RO         1999    i.SystemInit        system_stm32f10x.o
    0x08003630   0x08003630   0x00000088   Code   RO         2694    i.USART1_IRQHandler  usart.o
    0x080036b8   0x080036b8   0x00000018   Code   RO         1274    i.USART_Cmd         stm32f10x_usart.o
    0x080036d0   0x080036d0   0x0000001a   Code   RO         1277    i.USART_GetFlagStatus  stm32f10x_usart.o
    0x080036ea   0x080036ea   0x00000054   Code   RO         1278    i.USART_GetITStatus  stm32f10x_usart.o
    0x0800373e   0x0800373e   0x0000004a   Code   RO         1280    i.USART_ITConfig    stm32f10x_usart.o
    0x08003788   0x08003788   0x000000d8   Code   RO         1281    i.USART_Init        stm32f10x_usart.o
    0x08003860   0x08003860   0x0000000a   Code   RO         1288    i.USART_ReceiveData  stm32f10x_usart.o
    0x0800386a   0x0800386a   0x00000008   Code   RO         1291    i.USART_SendData    stm32f10x_usart.o
    0x08003872   0x08003872   0x00000004   Code   RO          233    i.UsageFault_Handler  stm32f10x_it.o
    0x08003876   0x08003876   0x00000002   PAD
    0x08003878   0x08003878   0x0000002c   Code   RO         2538    i.Write_MFRC522     rfid.o
    0x080038a4   0x080038a4   0x00000020   Code   RO         3005    i.__0printf$8       mc_w.l(printf8.o)
    0x080038c4   0x080038c4   0x00000028   Code   RO         3007    i.__0sprintf$8      mc_w.l(printf8.o)
    0x080038ec   0x080038ec   0x0000000e   Code   RO         3100    i.__scatterload_copy  mc_w.l(handlers.o)
    0x080038fa   0x080038fa   0x00000002   Code   RO         3101    i.__scatterload_null  mc_w.l(handlers.o)
    0x080038fc   0x080038fc   0x0000000e   Code   RO         3102    i.__scatterload_zeroinit  mc_w.l(handlers.o)
    0x0800390a   0x0800390a   0x00000002   PAD
    0x0800390c   0x0800390c   0x00000410   Code   RO         3012    i._printf_core      mc_w.l(printf8.o)
    0x08003d1c   0x08003d1c   0x00000024   Code   RO         3013    i._printf_post_padding  mc_w.l(printf8.o)
    0x08003d40   0x08003d40   0x0000002e   Code   RO         3014    i._printf_pre_padding  mc_w.l(printf8.o)
    0x08003d6e   0x08003d6e   0x0000000a   Code   RO         3016    i._sputc            mc_w.l(printf8.o)
    0x08003d78   0x08003d78   0x0000004c   Code   RO         2666    i.delay_ms          systick.o
    0x08003dc4   0x08003dc4   0x0000004c   Code   RO         2667    i.delay_us          systick.o
    0x08003e10   0x08003e10   0x00000024   Code   RO         2696    i.fputc             usart.o
    0x08003e34   0x08003e34   0x0000024c   Code   RO           12    i.main              main.o
    0x08004080   0x08004080   0x00000016   Code   RO         2096    i.oled_pow          oled.o
    0x08004096   0x08004096   0x00000002   PAD
    0x08004098   0x08004098   0x000003fc   Code   RO           13    i.password          main.o
    0x08004494   0x08004494   0x0000003c   Code   RO           14    i.starting          main.o
    0x080044d0   0x080044d0   0x000000a0   Code   RO         2697    i.uart_init         usart.o
    0x08004570   0x08004570   0x00000120   Code   RO         2698    i.usart1_cherk      usart.o
    0x08004690   0x08004690   0x0000002c   Code   RO         2097    i.write_iic_cmd     oled.o
    0x080046bc   0x080046bc   0x0000002c   Code   RO         2098    i.write_iic_data    oled.o
    0x080046e8   0x080046e8   0x000032ea   Data   RO         2100    .constdata          oled.o
    0x080079d2   0x080079d2   0x00000018   Data   RO         2363    .constdata          rtc.o
    0x080079ea   0x080079ea   0x00000002   PAD
    0x080079ec   0x080079ec   0x00000058   Data   RO           17    .conststring        main.o
    0x08007a44   0x08007a44   0x00000020   Data   RO         3098    Region$$Table       anon$$obj.o


    Execution Region RW_IRAM1 (Exec base: 0x20000000, Load base: 0x08007a64, Size: 0x000011c8, Max: 0x00005000, ABSOLUTE)

    Exec Addr    Load Addr    Size         Type   Attr      Idx    E Section Name        Object

    0x20000000   0x08007a64   0x0000005d   Data   RW           18    .data               main.o
    0x2000005d   0x08007ac1   0x00000014   Data   RW          464    .data               stm32f10x_rcc.o
    0x20000071   0x08007ad5   0x00000001   PAD
    0x20000072   0x08007ad6   0x00000002   Data   RW         2364    .data               rtc.o
    0x20000074   0x08007ad8   0x00000004   Data   RW         2668    .data               systick.o
    0x20000078   0x08007adc   0x00000008   Data   RW         2700    .data               usart.o
    0x20000080        -       0x00000074   Zero   RW           15    .bss                main.o
    0x200000f4        -       0x00000400   Zero   RW         2099    .bss                oled.o
    0x200004f4        -       0x0000000a   Zero   RW         2362    .bss                rtc.o
    0x200004fe        -       0x000000c8   Zero   RW         2699    .bss                usart.o
    0x200005c6        -       0x00000800   Zero   RW         2746    .bss                stmflash.o
    0x20000dc6   0x08007ae4   0x00000002   PAD
    0x20000dc8        -       0x00000400   Zero   RW          310    STACK               startup_stm32f10x_md.o


==============================================================================

Image component sizes


      Code (inc. data)   RO Data    RW Data    ZI Data      Debug   Object Name

       428         60          0          0          0       3336   iic.o
      1236         12          0          0          0       1768   key.o
       300         10          0          0          0        583   led.o
      5470       1100         88         93        116     249918   main.o
       172         22          0          0          0       2157   misc.o
      2698         58      13034          0       1024      14164   oled.o
      1638         40          0          0          0      12155   rfid.o
      1076        122         24          2         10       5282   rtc.o
        36          8        236          0       1024        820   startup_stm32f10x_md.o
        72         10          0          0          0       2784   stm32f10x_bkp.o
       274         30          0          0          0       3546   stm32f10x_flash.o
       304          0          0          0          0       3768   stm32f10x_gpio.o
        26          0          0          0          0       3650   stm32f10x_it.o
        12          6          0          0          0        530   stm32f10x_pwr.o
       428         58          0         20          0       7362   stm32f10x_rcc.o
       260         48          0          0          0       5360   stm32f10x_rtc.o
       442          6          0          0          0       6341   stm32f10x_usart.o
       310         10          0          0       2048       3249   stmflash.o
       328         28          0          0          0       1865   system_stm32f10x.o
       212         16          0          4          0       1653   systick.o
       620         88          0          8        200       4379   usart.o

    ----------------------------------------------------------------------
     16368       1732      13416        128       4424     334670   Object Totals
         0          0         32          0          0          0   (incl. Generated)
        26          0          2          1          2          0   (incl. Padding)

    ----------------------------------------------------------------------

      Code (inc. data)   RO Data    RW Data    ZI Data      Debug   Library Member Name

         0          0          0          0          0          0   entry.o
         0          0          0          0          0          0   entry10a.o
         0          0          0          0          0          0   entry11a.o
         8          4          0          0          0          0   entry2.o
         4          0          0          0          0          0   entry5.o
         0          0          0          0          0          0   entry7b.o
         0          0          0          0          0          0   entry8b.o
         8          4          0          0          0          0   entry9a.o
        30          0          0          0          0          0   handlers.o
        36          8          0          0          0         68   init.o
        30          0          0          0          0         68   llshl.o
        32          0          0          0          0         68   llushr.o
        26          0          0          0          0         80   memcmp.o
        36          0          0          0          0        108   memseta.o
      1204         60          0          0          0        504   printf8.o
        18          0          0          0          0         68   strcpy.o
        14          0          0          0          0         68   strlen.o
        98          0          0          0          0         92   uldiv.o

    ----------------------------------------------------------------------
      1548         76          0          0          0       1124   Library Totals
         4          0          0          0          0          0   (incl. Padding)

    ----------------------------------------------------------------------

      Code (inc. data)   RO Data    RW Data    ZI Data      Debug   Library Name

      1544         76          0          0          0       1124   mc_w.l

    ----------------------------------------------------------------------
      1548         76          0          0          0       1124   Library Totals

    ----------------------------------------------------------------------

==============================================================================


      Code (inc. data)   RO Data    RW Data    ZI Data      Debug   

     17916       1808      13416        128       4424     328718   Grand Totals
     17916       1808      13416        128       4424     328718   ELF Image Totals
     17916       1808      13416        128          0          0   ROM Totals

==============================================================================

    Total RO  Size (Code + RO Data)                31332 (  30.60kB)
    Total RW  Size (RW Data + ZI Data)              4552 (   4.45kB)
    Total ROM Size (Code + RO Data + RW Data)      31460 (  30.72kB)

==============================================================================

